Archive member included because of file (symbol)

C:/ISIS/workspace-herzliya/GlobusSatProject2/satellite-subsystems/demo/..//satellite-subsystems/lib\libSatelliteSubsystems.a(IsisTRXUV.o)
                              ./src/Demos/IsisTRXUVdemo.o (IsisTrxuv_initialize)
C:/ISIS/workspace-herzliya/GlobusSatProject2/satellite-subsystems/demo/..//satellite-subsystems/lib\libSatelliteSubsystems.a(IsisMTQv2.o)
                              ./src/Demos/IsisMTQv2demo.o (IsisMTQv2_initialize)
C:/ISIS/workspace-herzliya/GlobusSatProject2/satellite-subsystems/demo/..//satellite-subsystems/lib\libSatelliteSubsystems.a(imepsv2_piu.o)
                              ./src/Demos/isis_eps_demo.o (IMEPSV2_PIU_Init)
C:/ISIS/workspace-herzliya/GlobusSatProject2/satellite-subsystems/demo/..//satellite-subsystems/lib\libSatelliteSubsystems.a(isis_ants2.o)
                              ./src/Demos/isis_ants2_demo.o (ISIS_ANTS2_Init)
C:/ISIS/workspace-herzliya/GlobusSatProject2/satellite-subsystems/demo/..//satellite-subsystems/lib\libSatelliteSubsystems.a(IsisAntS.o)
                              ./src/Demos/IsisAntSdemo.o (IsisAntS_initialize)
C:/ISIS/workspace-herzliya/GlobusSatProject2/satellite-subsystems/demo/..//satellite-subsystems/lib\libSatelliteSubsystems.a(IsisTRXCommon.o)
                              C:/ISIS/workspace-herzliya/GlobusSatProject2/satellite-subsystems/demo/..//satellite-subsystems/lib\libSatelliteSubsystems.a(IsisTRXUV.o) (IsisTrxCommon_componentReset)
C:/ISIS/workspace-herzliya/GlobusSatProject2/satellite-subsystems/demo/..//satellite-subsystems/lib\libSatelliteSubsystems.a(GomEPS.o)
                              ./src/Demos/GomEPSdemo.o (GomEpsInitialize)
C:/ISIS/workspace-herzliya/GlobusSatProject2/satellite-subsystems/demo/..//satellite-subsystems/lib\libSatelliteSubsystems.a(cspaceADCS.o)
                              ./src/Demos/cspaceADCSdemo.o (cspaceADCS_initialize)
C:/ISIS/workspace-herzliya/GlobusSatProject2/satellite-subsystems/demo/..//satellite-subsystems/lib\libSatelliteSubsystems.a(IsisSolarPanel.o)
                              ./src/Demos/IsisSPdemo.o (IsisSolarPanel_getTemperature)
C:/ISIS/workspace-herzliya/GlobusSatProject2/satellite-subsystems/demo/..//satellite-subsystems/lib\libSatelliteSubsystems.a(IsisTRXVU.o)
                              ./src/Demos/IsisTRXVUdemo.o (IsisTrxvu_initialize)
C:/ISIS/workspace-herzliya/GlobusSatProject2/satellite-subsystems/demo/..//satellite-subsystems/lib\libSatelliteSubsystems.a(isis_hstxs.o)
                              ./src/Demos/IsisHSTxSdemo.o (ISIS_HSTXS_Init)
C:/ISIS/workspace-herzliya/GlobusSatProject2/satellite-subsystems/demo/..//satellite-subsystems/lib\libSatelliteSubsystems.a(IsisMTQv1.o)
                              ./src/Demos/IsisMTQv1demo.o (isisMTQv1_initialize)
C:/ISIS/workspace-herzliya/GlobusSatProject2/satellite-subsystems/demo/..//satellite-subsystems/lib\libSatelliteSubsystems.a(IsisSolarPanelv2.o)
                              ./src/Demos/IsisSPv2demo.o (IsisSolarPanelv2_initialize)
C:/ISIS/workspace-herzliya/GlobusSatProject2/satellite-subsystems/demo/..//satellite-subsystems/lib\libSatelliteSubsystems.a(version.o)
                              ./src/main.o (SatelliteSubsystemsVersionRevision)
C:/ISIS/workspace-herzliya/GlobusSatProject2/satellite-subsystems/demo/..//satellite-subsystems/lib\libSatelliteSubsystems.a(gecko_driver.o)
                              ./src/Demos/ScsGeckoDemo.o (GECKO_SetReg)
C:/ISIS/workspace-herzliya/GlobusSatProject2/satellite-subsystems/demo/..//satellite-subsystems/lib\libSatelliteSubsystems.a(gecko_use_cases.o)
                              ./src/Demos/ScsGeckoDemo.o (GECKO_UC_Init)
c:/isis/application/toolchain/bin/../lib/gcc/arm-none-eabi/4.7.4/../../../../arm-none-eabi/lib\libm.a(lib_a-w_exp.o)
                              ./src/Demos/common.o (exp)
c:/isis/application/toolchain/bin/../lib/gcc/arm-none-eabi/4.7.4/../../../../arm-none-eabi/lib\libm.a(lib_a-w_log.o)
                              C:/ISIS/workspace-herzliya/GlobusSatProject2/satellite-subsystems/demo/..//satellite-subsystems/lib\libSatelliteSubsystems.a(gecko_driver.o) (log)
c:/isis/application/toolchain/bin/../lib/gcc/arm-none-eabi/4.7.4/../../../../arm-none-eabi/lib\libm.a(lib_a-e_exp.o)
                              c:/isis/application/toolchain/bin/../lib/gcc/arm-none-eabi/4.7.4/../../../../arm-none-eabi/lib\libm.a(lib_a-w_exp.o) (__ieee754_exp)
c:/isis/application/toolchain/bin/../lib/gcc/arm-none-eabi/4.7.4/../../../../arm-none-eabi/lib\libm.a(lib_a-e_log.o)
                              c:/isis/application/toolchain/bin/../lib/gcc/arm-none-eabi/4.7.4/../../../../arm-none-eabi/lib\libm.a(lib_a-w_log.o) (__ieee754_log)
c:/isis/application/toolchain/bin/../lib/gcc/arm-none-eabi/4.7.4/../../../../arm-none-eabi/lib\libm.a(lib_a-s_finite.o)
                              c:/isis/application/toolchain/bin/../lib/gcc/arm-none-eabi/4.7.4/../../../../arm-none-eabi/lib\libm.a(lib_a-w_exp.o) (finite)
[...]
Memory Configuration

Name             Origin             Length             Attributes
sram0            0x00200000         0x00004000         w !xr
sram1            0x00300000         0x00004000         w !xr
sdram            0x20000000         0x02000000         w !xr
*default*        0x00000000         0xffffffff

Linker script and memory map

LOAD c:/isis/application/toolchain/bin/../lib/gcc/arm-none-eabi/4.7.4/../../../../arm-none-eabi/lib\libc.a
LOAD ./src/Demos/GomEPSdemo.o
LOAD ./src/Demos/IsisAntSdemo.o
LOAD ./src/Demos/IsisHSTxSdemo.o
LOAD ./src/Demos/IsisMTQv1demo.o
LOAD ./src/Demos/IsisMTQv2demo.o
LOAD ./src/Demos/IsisSPdemo.o
LOAD ./src/Demos/IsisSPv2demo.o
LOAD ./src/Demos/IsisTRXUVdemo.o
LOAD ./src/Demos/IsisTRXVUdemo.o
LOAD ./src/Demos/ScsGeckoDemo.o
LOAD ./src/Demos/common.o
LOAD ./src/Demos/cspaceADCSdemo.o
LOAD ./src/Demos/input.o
LOAD ./src/Demos/isis_ants2_demo.o
LOAD ./src/Demos/isis_eps_demo.o
LOAD ./src/Demos/tausat2_pdhudemo.o
LOAD ./src/Demos/trxvu_frame_ready.o
LOAD ./src/main.o
LOAD C:/ISIS/workspace-herzliya/GlobusSatProject2/satellite-subsystems/demo/..//satellite-subsystems/lib\libSatelliteSubsystems.a
LOAD c:/isis/application/toolchain/bin/../lib/gcc/arm-none-eabi/4.7.4/../../../../arm-none-eabi/lib\libm.a
LOAD C:/ISIS/workspace-herzliya/GlobusSatProject2/satellite-subsystems/demo/../..//hal/hcc/lib\libHCC.a
LOAD C:/ISIS/workspace-herzliya/GlobusSatProject2/satellite-subsystems/demo/../..//hal/hal/lib\libHAL.a
LOAD C:/ISIS/workspace-herzliya/GlobusSatProject2/satellite-subsystems/demo/../..//hal/freertos/lib\libFreeRTOS.a
LOAD C:/ISIS/workspace-herzliya/GlobusSatProject2/satellite-subsystems/demo/../..//hal/at91/lib\libAt91.a
START GROUP
LOAD c:/isis/application/toolchain/bin/../lib/gcc/arm-none-eabi/4.7.4\libgcc.a
LOAD c:/isis/application/toolchain/bin/../lib/gcc/arm-none-eabi/4.7.4/../../../../arm-none-eabi/lib\libc.a
END GROUP

.fixed          0x20000000    0x23238
                0x20000000                . = ALIGN (0x4)
                0x20000000                _sfixed = .
 *(.startup)
 .startup       0x20000000      0x184 C:/ISIS/workspace-herzliya/GlobusSatProject2/satellite-subsystems/demo/../..//hal/at91/lib\libAt91.a(board_cstartup.o)
                0x20000000                entry
 *(.text)
 .text          0x20000184       0x64 C:/ISIS/workspace-herzliya/GlobusSatProject2/satellite-subsystems/demo/../..//hal/at91/lib\libAt91.a(cp15_asm.o)
                0x20000184                _readControlRegister
                0x20000190                _writeControlRegister
                0x20000198                _waitForInterrupt
                0x200001a4                _writeTTB
                0x200001ac                _writeDomain
                0x200001b4                _writeITLBLockdown
                0x200001bc                _prefetchICacheLine
                0x200001c4                _flushDCache
                0x200001d0                _flushWriteBuffer
                0x200001dc                _invalidateIDTLBs
 .text          0x200001e8      0x114 c:/isis/application/toolchain/bin/../lib/gcc/arm-none-eabi/4.7.4\libgcc.a(_udivsi3.o)
                0x200001e8                __aeabi_uidiv
                0x200001e8                __udivsi3
                0x200002dc                __aeabi_uidivmod
 .text          0x200002fc      0x148 c:/isis/application/toolchain/bin/../lib/gcc/arm-none-eabi/4.7.4\libgcc.a(_divsi3.o)
                0x200002fc                __divsi3
                0x200002fc                __aeabi_idiv
                0x20000424                __aeabi_idivmod
 .text          0x20000444        0x4 c:/isis/application/toolchain/bin/../lib/gcc/arm-none-eabi/4.7.4\libgcc.a(_dvmd_tls.o)
                0x20000444                __aeabi_idiv0
                0x20000444                __aeabi_ldiv0
 .text          0x20000448      0x41c c:/isis/application/toolchain/bin/../lib/gcc/arm-none-eabi/4.7.4\libgcc.a(_arm_addsubdf3.o)
                0x20000448                __aeabi_drsub
                0x20000450                __aeabi_dsub
                0x20000450                __subdf3
                0x20000454                __aeabi_dadd
                0x20000454                __adddf3
                0x20000764                __floatunsidf
                0x20000764                __aeabi_ui2d
                0x20000788                __floatsidf
                0x20000788                __aeabi_i2d
                0x200007b0                __aeabi_f2d
                0x200007b0                __extendsfdf2
                0x200007f0                __floatundidf
                0x200007f0                __aeabi_ul2d
                0x20000804                __floatdidf
                0x20000804                __aeabi_l2d
 .text          0x20000864      0x49c c:/isis/application/toolchain/bin/../lib/gcc/arm-none-eabi/4.7.4\libgcc.a(_arm_muldivdf3.o)
                0x20000864                __aeabi_dmul
                0x20000864                __muldf3
                0x20000af4                __divdf3
                0x20000af4                __aeabi_ddiv
 .text          0x20000d00      0x144 c:/isis/application/toolchain/bin/../lib/gcc/arm-none-eabi/4.7.4\libgcc.a(_arm_cmpdf2.o)
                0x20000d00                __gtdf2
                0x20000d00                __gedf2
                0x20000d08                __ltdf2
                0x20000d08                __ledf2
                0x20000d10                __nedf2
                0x20000d10                __eqdf2
                0x20000d10                __cmpdf2
                0x20000d98                __aeabi_cdrcmple
                0x20000db4                __aeabi_cdcmpeq
                0x20000db4                __aeabi_cdcmple
                0x20000dcc                __aeabi_dcmpeq
                0x20000de4                __aeabi_dcmplt
                0x20000dfc                __aeabi_dcmple
                0x20000e14                __aeabi_dcmpge
                0x20000e2c                __aeabi_dcmpgt
 .text          0x20000e44       0x5c c:/isis/application/toolchain/bin/../lib/gcc/arm-none-eabi/4.7.4\libgcc.a(_arm_fixdfsi.o)
                0x20000e44                __aeabi_d2iz
                0x20000e44                __fixdfsi
 .text          0x20000ea0       0x54 c:/isis/application/toolchain/bin/../lib/gcc/arm-none-eabi/4.7.4\libgcc.a(_arm_fixunsdfsi.o)
                0x20000ea0                __aeabi_d2uiz
                0x20000ea0                __fixunsdfsi
 .text          0x20000ef4       0xa0 c:/isis/application/toolchain/bin/../lib/gcc/arm-none-eabi/4.7.4\libgcc.a(_arm_truncdfsf2.o)
                0x20000ef4                __truncdfsf2
                0x20000ef4                __aeabi_d2f
 .text          0x20000f94      0x2ac c:/isis/application/toolchain/bin/../lib/gcc/arm-none-eabi/4.7.4\libgcc.a(_arm_addsubsf3.o)
                0x20000f94                __aeabi_frsub
                0x20000f9c                __subsf3
                0x20000f9c                __aeabi_fsub
                0x20000fa0                __aeabi_fadd
                0x20000fa0                __addsf3
                0x2000115c                __aeabi_ui2f
                0x2000115c                __floatunsisf
                0x20001164                __aeabi_i2f
                0x20001164                __floatsisf
                0x20001184                __aeabi_ul2f
                0x20001184                __floatundisf
                0x20001194                __aeabi_l2f
                0x20001194                __floatdisf
 .text          0x20001240      0x2f8 c:/isis/application/toolchain/bin/../lib/gcc/arm-none-eabi/4.7.4\libgcc.a(_arm_muldivsf3.o)
                0x20001240                __mulsf3
                0x20001240                __aeabi_fmul
                0x200013d8                __aeabi_fdiv
                0x200013d8                __divsf3
 .text          0x20001538       0x3c c:/isis/application/toolchain/bin/../lib/gcc/arm-none-eabi/4.7.4\libgcc.a(_aeabi_uldivmod.o)
                0x20001538                __aeabi_uldivmod
 .text          0x20001574       0x84 c:/isis/application/toolchain/bin/../lib/gcc/arm-none-eabi/4.7.4\libgcc.a(bpabi.o)
                0x20001574                __gnu_ldivmod_helper
                0x200015b8                __gnu_uldivmod_helper
 .text          0x200015f8      0x4f0 c:/isis/application/toolchain/bin/../lib/gcc/arm-none-eabi/4.7.4\libgcc.a(_divdi3.o)
                0x200015f8                __divdi3
 .text          0x20001ae8      0x488 c:/isis/application/toolchain/bin/../lib/gcc/arm-none-eabi/4.7.4\libgcc.a(_udivdi3.o)
                0x20001ae8                __udivdi3
 .text          0x20001f70       0x48 c:/isis/application/toolchain/bin/../lib/gcc/arm-none-eabi/4.7.4\libgcc.a(_clzsi2.o)
                0x20001f70                __clzsi2
 *(.text*)
 .text.printDeploymentStatus
                0x20001fb8       0x38 ./src/Demos/IsisAntSdemo.o
 .text.getStatusAntSTest
                0x20001ff0       0xe8 ./src/Demos/IsisAntSdemo.o
 .text.telemAntSTest
                0x200020d8      0x108 ./src/Demos/IsisAntSdemo.o
 .text.setARMStatus
                0x200021e0       0xdc ./src/Demos/IsisAntSdemo.o
 .text.autoDeploymentAntSTest
                0x200022bc       0xb0 ./src/Demos/IsisAntSdemo.o
 .text.manualDeploymentAntSTest
                0x2000236c       0xf8 ./src/Demos/IsisAntSdemo.o
 .text.selectAndExecuteAntSDemoTest
                0x20002464      0x350 ./src/Demos/IsisAntSdemo.o
                0x20002464                selectAndExecuteAntSDemoTest
 .text.AntStest
                0x200027b4       0x80 ./src/Demos/IsisAntSdemo.o
                0x200027b4                AntStest
 .text.IsisHSTxSdemoInit
                0x20002834       0x64 ./src/Demos/IsisHSTxSdemo.o
                0x20002834                IsisHSTxSdemoInit
 .text.IsisHSTxSdemoLoop
                0x20002898      0xb94 ./src/Demos/IsisHSTxSdemo.o
                0x20002898                IsisHSTxSdemoLoop
 .text.IsisHSTxSdemoMain
                0x2000342c       0x1c ./src/Demos/IsisHSTxSdemo.o
                0x2000342c                IsisHSTxSdemoMain
 .text.HSTxStest
                0x20003448       0x10 ./src/Demos/IsisHSTxSdemo.o
                0x20003448                HSTxStest
 .text._parse_resp
                0x20003458      0x13c ./src/Demos/IsisMTQv2demo.o
 .text._parse_selftest_step
                0x20003594      0x388 ./src/Demos/IsisMTQv2demo.o
 .text._get_axis_inputs
                0x2000391c      0x194 ./src/Demos/IsisMTQv2demo.o
 .text._startSelfTest
                0x20003ab0      0x1a8 ./src/Demos/IsisMTQv2demo.o
 .text._getSelftestDataAllAxis
                0x20003c58      0x190 ./src/Demos/IsisMTQv2demo.o
 .text.IsisMTQv2demoInit
                0x20003de8       0x5c ./src/Demos/IsisMTQv2demo.o
                0x20003de8                IsisMTQv2demoInit
 .text.IsisMTQv2demoLoop
                0x20003e44     0x1604 ./src/Demos/IsisMTQv2demo.o
                0x20003e44                IsisMTQv2demoLoop
 .text.IsisMTQv2demoMain
                0x20005448       0x1c ./src/Demos/IsisMTQv2demo.o
                0x20005448                IsisMTQv2demoMain
 .text.IsisMTQv2test
                0x20005464       0x10 ./src/Demos/IsisMTQv2demo.o
                0x20005464                IsisMTQv2test
 .text.SolarPanelv2_Temperature
                0x20005474       0x9c ./src/Demos/IsisSPv2demo.o
                0x20005474                SolarPanelv2_Temperature
 .text.SolarPanelv2_State
                0x20005510       0x50 ./src/Demos/IsisSPv2demo.o
                0x20005510                SolarPanelv2_State
 .text.selectAndExecuteSolarPanelsv2DemoTest
                0x20005560       0x88 ./src/Demos/IsisSPv2demo.o
                0x20005560                selectAndExecuteSolarPanelsv2DemoTest
 .text.SolarPanelsv2_mainDemo
                0x200055e8       0x14 ./src/Demos/IsisSPv2demo.o
                0x200055e8                SolarPanelsv2_mainDemo
 .text.SolarPanelv2test
                0x200055fc       0x74 ./src/Demos/IsisSPv2demo.o
                0x200055fc                SolarPanelv2test
 .text.vurc_revDInterruptCallback
                0x20005670       0x38 ./src/Demos/IsisTRXVUdemo.o
 .text._WatchDogKickTask
                0x200056a8       0x2c ./src/Demos/IsisTRXVUdemo.o
 .text.IsisTRXVUdemoInit
                0x200056d4       0xc0 ./src/Demos/IsisTRXVUdemo.o
                0x200056d4                IsisTRXVUdemoInit
 .text.IsisTRXVUdemoLoop
                0x20005794      0xbcc ./src/Demos/IsisTRXVUdemo.o
                0x20005794                IsisTRXVUdemoLoop
 .text.IsisTRXVUdemoMain
                0x20006360       0x1c ./src/Demos/IsisTRXVUdemo.o
                0x20006360                IsisTRXVUdemoMain
 .text.TRXVUtest
                0x2000637c       0x10 ./src/Demos/IsisTRXVUdemo.o
                0x2000637c                TRXVUtest
 .text.ing_interact
                0x2000638c      0x24c ./src/Demos/common.o
                0x2000638c                ing_interact
 .text.ing_parse
                0x200065d8      0x448 ./src/Demos/common.o
                0x200065d8                ing_parse
 .text.ing      0x20006a20       0x5c ./src/Demos/common.o
                0x20006a20                ing
 .text.config_param_info
                0x20006a7c      0x754 ./src/Demos/common.o
                0x20006a7c                config_param_info
 .text.print_error
                0x200071d0       0x38 ./src/Demos/common.o
                0x200071d0                print_error
 .text._GetInput
                0x20007208       0x84 ./src/Demos/input.o
 .text.INPUT_GetINT8
                0x2000728c       0x98 ./src/Demos/input.o
                0x2000728c                INPUT_GetINT8
 .text._print_eps_response
                0x20007324       0x6c ./src/Demos/isis_eps_demo.o
 .text.isis_eps__demo__init
                0x20007390       0xac ./src/Demos/isis_eps_demo.o
                0x20007390                isis_eps__demo__init
 .text.isis_eps__demo__loop
                0x2000743c      0xbfc ./src/Demos/isis_eps_demo.o
                0x2000743c                isis_eps__demo__loop
 .text.isis_eps__demo__main
                0x20008038       0x1c ./src/Demos/isis_eps_demo.o
                0x20008038                isis_eps__demo__main
 .text.isis_eps__test
                0x20008054        0x4 ./src/Demos/isis_eps_demo.o
                0x20008054                isis_eps__test
 .text.TAUSAT2PdhuDemoInit
                0x20008058       0x20 ./src/Demos/tausat2_pdhudemo.o
                0x20008058                TAUSAT2PdhuDemoInit
 .text.TAUSAT2PdhuDemoLoop
                0x20008078      0x4ec ./src/Demos/tausat2_pdhudemo.o
                0x20008078                TAUSAT2PdhuDemoLoop
 .text.TAUSAT2PdhuDemoMain
                0x20008564       0x1c ./src/Demos/tausat2_pdhudemo.o
                0x20008564                TAUSAT2PdhuDemoMain
 .text._Handler
                0x20008580       0x24 ./src/Demos/trxvu_frame_ready.o
 .text.TRXVU_FR_Enable
                0x200085a4       0x44 ./src/Demos/trxvu_frame_ready.o
                0x200085a4                TRXVU_FR_Enable
 .text.TRXVU_FR_Disable
                0x200085e8        0xc ./src/Demos/trxvu_frame_ready.o
                0x200085e8                TRXVU_FR_Disable
 .text.TRXVU_FR_IsReady
                0x200085f4       0x14 ./src/Demos/trxvu_frame_ready.o
                0x200085f4                TRXVU_FR_IsReady
 .text.selectAndExecuteTest
                0x20008608      0x138 ./src/main.o
                0x20008608                selectAndExecuteTest
 .text.taskMain
                0x20008740       0x38 ./src/main.o
                0x20008740                taskMain
 .text.startup.main
                0x20008778      0x1f4 ./src/main.o
                0x20008778                main
 .text._make_isisMTQtransfer.isra.0
                0x2000896c       0x1c C:/ISIS/workspace-herzliya/GlobusSatProject2/satellite-subsystems/demo/..//satellite-subsystems/lib\libSatelliteSubsystems.a(IsisMTQv2.o)
 .text.IsisMTQv2_initialize
                0x20008988       0xc0 C:/ISIS/workspace-herzliya/GlobusSatProject2/satellite-subsystems/demo/..//satellite-subsystems/lib\libSatelliteSubsystems.a(IsisMTQv2.o)
                0x20008988                IsisMTQv2_initialize
 .text.IsisMTQv2_softReset
                0x20008a48       0x7c C:/ISIS/workspace-herzliya/GlobusSatProject2/satellite-subsystems/demo/..//satellite-subsystems/lib\libSatelliteSubsystems.a(IsisMTQv2.o)
                0x20008a48                IsisMTQv2_softReset
 .text.IsisMTQv2_noOperation
                0x20008ac4       0x68 C:/ISIS/workspace-herzliya/GlobusSatProject2/satellite-subsystems/demo/..//satellite-subsystems/lib\libSatelliteSubsystems.a(IsisMTQv2.o)
                0x20008ac4                IsisMTQv2_noOperation
 .text.IsisMTQv2_cancelOperation
                0x20008b2c       0x6c C:/ISIS/workspace-herzliya/GlobusSatProject2/satellite-subsystems/demo/..//satellite-subsystems/lib\libSatelliteSubsystems.a(IsisMTQv2.o)
                0x20008b2c                IsisMTQv2_cancelOperation
 .text.IsisMTQv2_startMTMMeasurement
                0x20008b98       0x6c C:/ISIS/workspace-herzliya/GlobusSatProject2/satellite-subsystems/demo/..//satellite-subsystems/lib\libSatelliteSubsystems.a(IsisMTQv2.o)
                0x20008b98                IsisMTQv2_startMTMMeasurement
 .text.IsisMTQv2_startMTQActuationCurrent
                0x20008c04       0x80 C:/ISIS/workspace-herzliya/GlobusSatProject2/satellite-subsystems/demo/..//satellite-subsystems/lib\libSatelliteSubsystems.a(IsisMTQv2.o)
                0x20008c04                IsisMTQv2_startMTQActuationCurrent
 .text.IsisMTQv2_startMTQActuationDipole
                0x20008c84       0x80 C:/ISIS/workspace-herzliya/GlobusSatProject2/satellite-subsystems/demo/..//satellite-subsystems/lib\libSatelliteSubsystems.a(IsisMTQv2.o)
                0x20008c84                IsisMTQv2_startMTQActuationDipole
 .text.IsisMTQv2_startMTQActuationPWM
                0x20008d04       0x80 C:/ISIS/workspace-herzliya/GlobusSatProject2/satellite-subsystems/demo/..//satellite-subsystems/lib\libSatelliteSubsystems.a(IsisMTQv2.o)
                0x20008d04                IsisMTQv2_startMTQActuationPWM
 .text.IsisMTQv2_startSelfTest
                0x20008d84       0x6c C:/ISIS/workspace-herzliya/GlobusSatProject2/satellite-subsystems/demo/..//satellite-subsystems/lib\libSatelliteSubsystems.a(IsisMTQv2.o)
                0x20008d84                IsisMTQv2_startSelfTest
 .text.IsisMTQv2_startDetumble
                0x20008df0       0x80 C:/ISIS/workspace-herzliya/GlobusSatProject2/satellite-subsystems/demo/..//satellite-subsystems/lib\libSatelliteSubsystems.a(IsisMTQv2.o)
                0x20008df0                IsisMTQv2_startDetumble
 .text.IsisMTQv2_getSystemState
                0x20008e70       0xb8 C:/ISIS/workspace-herzliya/GlobusSatProject2/satellite-subsystems/demo/..//satellite-subsystems/lib\libSatelliteSubsystems.a(IsisMTQv2.o)
                0x20008e70                IsisMTQv2_getSystemState
 .text.IsisMTQv2_getRawMTMData
                0x20008f28       0xb8 C:/ISIS/workspace-herzliya/GlobusSatProject2/satellite-subsystems/demo/..//satellite-subsystems/lib\libSatelliteSubsystems.a(IsisMTQv2.o)
                0x20008f28                IsisMTQv2_getRawMTMData
 .text.IsisMTQv2_getCalMTMData
                0x20008fe0       0xb8 C:/ISIS/workspace-herzliya/GlobusSatProject2/satellite-subsystems/demo/..//satellite-subsystems/lib\libSatelliteSubsystems.a(IsisMTQv2.o)
                0x20008fe0                IsisMTQv2_getCalMTMData
 .text.IsisMTQv2_getCoilCurrent
                0x20009098       0xb0 C:/ISIS/workspace-herzliya/GlobusSatProject2/satellite-subsystems/demo/..//satellite-subsystems/lib\libSatelliteSubsystems.a(IsisMTQv2.o)
                0x20009098                IsisMTQv2_getCoilCurrent
 .text.IsisMTQv2_getCoilTemperature
                0x20009148       0xb0 C:/ISIS/workspace-herzliya/GlobusSatProject2/satellite-subsystems/demo/..//satellite-subsystems/lib\libSatelliteSubsystems.a(IsisMTQv2.o)
                0x20009148                IsisMTQv2_getCoilTemperature
 .text.IsisMTQv2_getCmdActuationDipole
                0x200091f8       0xb0 C:/ISIS/workspace-herzliya/GlobusSatProject2/satellite-subsystems/demo/..//satellite-subsystems/lib\libSatelliteSubsystems.a(IsisMTQv2.o)
                0x200091f8                IsisMTQv2_getCmdActuationDipole
 .text.IsisMTQv2_getSelftestDataSingleAxis
                0x200092a8      0x104 C:/ISIS/workspace-herzliya/GlobusSatProject2/satellite-subsystems/demo/..//satellite-subsystems/lib\libSatelliteSubsystems.a(IsisMTQv2.o)
                0x200092a8                IsisMTQv2_getSelftestDataSingleAxis
 .text.IsisMTQv2_getSelftestDataAllAxis
                0x200093ac      0x1dc C:/ISIS/workspace-herzliya/GlobusSatProject2/satellite-subsystems/demo/..//satellite-subsystems/lib\libSatelliteSubsystems.a(IsisMTQv2.o)
                0x200093ac                IsisMTQv2_getSelftestDataAllAxis
 .text.IsisMTQv2_getDetumbleData
                0x20009588       0xb8 C:/ISIS/workspace-herzliya/GlobusSatProject2/satellite-subsystems/demo/..//satellite-subsystems/lib\libSatelliteSubsystems.a(IsisMTQv2.o)
                0x20009588                IsisMTQv2_getDetumbleData
 .text.IsisMTQv2_getRawHKData
                0x20009640       0xb8 C:/ISIS/workspace-herzliya/GlobusSatProject2/satellite-subsystems/demo/..//satellite-subsystems/lib\libSatelliteSubsystems.a(IsisMTQv2.o)
                0x20009640                IsisMTQv2_getRawHKData
 .text.IsisMTQv2_getEngHKData
                0x200096f8       0xb8 C:/ISIS/workspace-herzliya/GlobusSatProject2/satellite-subsystems/demo/..//satellite-subsystems/lib\libSatelliteSubsystems.a(IsisMTQv2.o)
                0x200096f8                IsisMTQv2_getEngHKData
 .text.IsisMTQv2_getParSize
                0x200097b0       0x74 C:/ISIS/workspace-herzliya/GlobusSatProject2/satellite-subsystems/demo/..//satellite-subsystems/lib\libSatelliteSubsystems.a(IsisMTQv2.o)
                0x200097b0                IsisMTQv2_getParSize
 .text.IsisMTQv2_getParameter
                0x20009824      0x13c C:/ISIS/workspace-herzliya/GlobusSatProject2/satellite-subsystems/demo/..//satellite-subsystems/lib\libSatelliteSubsystems.a(IsisMTQv2.o)
                0x20009824                IsisMTQv2_getParameter
 .text.IsisMTQv2_setParameter
                0x20009960      0x158 C:/ISIS/workspace-herzliya/GlobusSatProject2/satellite-subsystems/demo/..//satellite-subsystems/lib\libSatelliteSubsystems.a(IsisMTQv2.o)
                0x20009960                IsisMTQv2_setParameter
 .text.IsisMTQv2_resetParameter
                0x20009ab8      0x13c C:/ISIS/workspace-herzliya/GlobusSatProject2/satellite-subsystems/demo/..//satellite-subsystems/lib\libSatelliteSubsystems.a(IsisMTQv2.o)
                0x20009ab8                IsisMTQv2_resetParameter
 .text._I2C_Send
                0x20009bf4       0x38 C:/ISIS/workspace-herzliya/GlobusSatProject2/satellite-subsystems/demo/..//satellite-subsystems/lib\libSatelliteSubsystems.a(imepsv2_piu.o)
 .text.IMEPSV2_PIU_Init
                0x20009c2c       0x70 C:/ISIS/workspace-herzliya/GlobusSatProject2/satellite-subsystems/demo/..//satellite-subsystems/lib\libSatelliteSubsystems.a(imepsv2_piu.o)
                0x20009c2c                IMEPSV2_PIU_Init
 .text.imepsv2_piu__cancel
                0x20009c9c       0x60 C:/ISIS/workspace-herzliya/GlobusSatProject2/satellite-subsystems/demo/..//satellite-subsystems/lib\libSatelliteSubsystems.a(imepsv2_piu.o)
                0x20009c9c                imepsv2_piu__cancel
 .text.imepsv2_piu__gethousekeepingeng
                0x20009cfc       0x60 C:/ISIS/workspace-herzliya/GlobusSatProject2/satellite-subsystems/demo/..//satellite-subsystems/lib\libSatelliteSubsystems.a(imepsv2_piu.o)
                0x20009cfc                imepsv2_piu__gethousekeepingeng
 .text.imepsv2_piu__gethousekeepingraw
                0x20009d5c       0x60 C:/ISIS/workspace-herzliya/GlobusSatProject2/satellite-subsystems/demo/..//satellite-subsystems/lib\libSatelliteSubsystems.a(imepsv2_piu.o)
                0x20009d5c                imepsv2_piu__gethousekeepingraw
 .text.imepsv2_piu__getsystemstatus
                0x20009dbc       0x60 C:/ISIS/workspace-herzliya/GlobusSatProject2/satellite-subsystems/demo/..//satellite-subsystems/lib\libSatelliteSubsystems.a(imepsv2_piu.o)
                0x20009dbc                imepsv2_piu__getsystemstatus
 .text.imepsv2_piu__outputbuschanneloff
                0x20009e1c       0x5c C:/ISIS/workspace-herzliya/GlobusSatProject2/satellite-subsystems/demo/..//satellite-subsystems/lib\libSatelliteSubsystems.a(imepsv2_piu.o)
                0x20009e1c                imepsv2_piu__outputbuschanneloff
 .text.imepsv2_piu__outputbuschannelon
                0x20009e78       0x5c C:/ISIS/workspace-herzliya/GlobusSatProject2/satellite-subsystems/demo/..//satellite-subsystems/lib\libSatelliteSubsystems.a(imepsv2_piu.o)
                0x20009e78                imepsv2_piu__outputbuschannelon
 .text.imepsv2_piu__reset
                0x20009ed4       0x60 C:/ISIS/workspace-herzliya/GlobusSatProject2/satellite-subsystems/demo/..//satellite-subsystems/lib\libSatelliteSubsystems.a(imepsv2_piu.o)
                0x20009ed4                imepsv2_piu__reset
 .text.imepsv2_piu__resetwatchdog
                0x20009f34       0x60 C:/ISIS/workspace-herzliya/GlobusSatProject2/satellite-subsystems/demo/..//satellite-subsystems/lib\libSatelliteSubsystems.a(imepsv2_piu.o)
                0x20009f34                imepsv2_piu__resetwatchdog
 .text.imepsv2_piu__switchtonominal
                0x20009f94       0x60 C:/ISIS/workspace-herzliya/GlobusSatProject2/satellite-subsystems/demo/..//satellite-subsystems/lib\libSatelliteSubsystems.a(imepsv2_piu.o)
                0x20009f94                imepsv2_piu__switchtonominal
 .text.imepsv2_piu__switchtosafety
                0x20009ff4       0x60 C:/ISIS/workspace-herzliya/GlobusSatProject2/satellite-subsystems/demo/..//satellite-subsystems/lib\libSatelliteSubsystems.a(imepsv2_piu.o)
                0x20009ff4                imepsv2_piu__switchtosafety
 .text.checkInputsValid
                0x2000a054       0x2c C:/ISIS/workspace-herzliya/GlobusSatProject2/satellite-subsystems/demo/..//satellite-subsystems/lib\libSatelliteSubsystems.a(IsisAntS.o)
 .text.makeAntStransfer.isra.0
                0x2000a080       0x1c C:/ISIS/workspace-herzliya/GlobusSatProject2/satellite-subsystems/demo/..//satellite-subsystems/lib\libSatelliteSubsystems.a(IsisAntS.o)
 .text.IsisAntS_initialize
                0x2000a09c      0x104 C:/ISIS/workspace-herzliya/GlobusSatProject2/satellite-subsystems/demo/..//satellite-subsystems/lib\libSatelliteSubsystems.a(IsisAntS.o)
                0x2000a09c                IsisAntS_initialize
 .text.IsisAntS_setArmStatus
                0x2000a1a0       0x74 C:/ISIS/workspace-herzliya/GlobusSatProject2/satellite-subsystems/demo/..//satellite-subsystems/lib\libSatelliteSubsystems.a(IsisAntS.o)
                0x2000a1a0                IsisAntS_setArmStatus
 .text.IsisAntS_attemptDeployment
                0x2000a214       0xa8 C:/ISIS/workspace-herzliya/GlobusSatProject2/satellite-subsystems/demo/..//satellite-subsystems/lib\libSatelliteSubsystems.a(IsisAntS.o)
                0x2000a214                IsisAntS_attemptDeployment
 .text.IsisAntS_getStatusData
                0x2000a2bc       0x90 C:/ISIS/workspace-herzliya/GlobusSatProject2/satellite-subsystems/demo/..//satellite-subsystems/lib\libSatelliteSubsystems.a(IsisAntS.o)
                0x2000a2bc                IsisAntS_getStatusData
 .text.IsisAntS_getTemperature
                0x2000a34c       0x90 C:/ISIS/workspace-herzliya/GlobusSatProject2/satellite-subsystems/demo/..//satellite-subsystems/lib\libSatelliteSubsystems.a(IsisAntS.o)
                0x2000a34c                IsisAntS_getTemperature
 .text.IsisAntS_getUptime
                0x2000a3dc       0x90 C:/ISIS/workspace-herzliya/GlobusSatProject2/satellite-subsystems/demo/..//satellite-subsystems/lib\libSatelliteSubsystems.a(IsisAntS.o)
                0x2000a3dc                IsisAntS_getUptime
 .text.IsisAntS_getAlltelemetry
                0x2000a46c       0x90 C:/ISIS/workspace-herzliya/GlobusSatProject2/satellite-subsystems/demo/..//satellite-subsystems/lib\libSatelliteSubsystems.a(IsisAntS.o)
                0x2000a46c                IsisAntS_getAlltelemetry
 .text.IsisAntS_reset
                0x2000a4fc       0x78 C:/ISIS/workspace-herzliya/GlobusSatProject2/satellite-subsystems/demo/..//satellite-subsystems/lib\libSatelliteSubsystems.a(IsisAntS.o)
                0x2000a4fc                IsisAntS_reset
 .text.IsisAntS_autoDeployment
                0x2000a574       0x7c C:/ISIS/workspace-herzliya/GlobusSatProject2/satellite-subsystems/demo/..//satellite-subsystems/lib\libSatelliteSubsystems.a(IsisAntS.o)
                0x2000a574                IsisAntS_autoDeployment
 .text.makeTRXCommonTransfer
                0x2000a5f0       0x1c C:/ISIS/workspace-herzliya/GlobusSatProject2/satellite-subsystems/demo/..//satellite-subsystems/lib\libSatelliteSubsystems.a(IsisTRXCommon.o)
 .text.IsisTrxCommon_componentReset
                0x2000a60c       0x48 C:/ISIS/workspace-herzliya/GlobusSatProject2/satellite-subsystems/demo/..//satellite-subsystems/lib\libSatelliteSubsystems.a(IsisTRXCommon.o)
                0x2000a60c                IsisTrxCommon_componentReset
 .text.IsisTrxCommon_TxSendAX25DefClSign
                0x2000a654       0x88 C:/ISIS/workspace-herzliya/GlobusSatProject2/satellite-subsystems/demo/..//satellite-subsystems/lib\libSatelliteSubsystems.a(IsisTRXCommon.o)
                0x2000a654                IsisTrxCommon_TxSendAX25DefClSign
 .text.IsisTrxCommon_TxSetIdlestate
                0x2000a6dc       0x48 C:/ISIS/workspace-herzliya/GlobusSatProject2/satellite-subsystems/demo/..//satellite-subsystems/lib\libSatelliteSubsystems.a(IsisTRXCommon.o)
                0x2000a6dc                IsisTrxCommon_TxSetIdlestate
 .text.IsisTrxCommon_TxSetAx25Bitrate
                0x2000a724       0x48 C:/ISIS/workspace-herzliya/GlobusSatProject2/satellite-subsystems/demo/..//satellite-subsystems/lib\libSatelliteSubsystems.a(IsisTRXCommon.o)
                0x2000a724                IsisTrxCommon_TxSetAx25Bitrate
 .text.IsisTrxCommon_RxGetFrameCount
                0x2000a76c       0x4c C:/ISIS/workspace-herzliya/GlobusSatProject2/satellite-subsystems/demo/..//satellite-subsystems/lib\libSatelliteSubsystems.a(IsisTRXCommon.o)
                0x2000a76c                IsisTrxCommon_RxGetFrameCount
 .text.IsisTrxCommon_GetUptime
                0x2000a7b8       0x50 C:/ISIS/workspace-herzliya/GlobusSatProject2/satellite-subsystems/demo/..//satellite-subsystems/lib\libSatelliteSubsystems.a(IsisTRXCommon.o)
                0x2000a7b8                IsisTrxCommon_GetUptime
 .text.makeTRXVUtransfer.isra.0
                0x2000a808       0x1c C:/ISIS/workspace-herzliya/GlobusSatProject2/satellite-subsystems/demo/..//satellite-subsystems/lib\libSatelliteSubsystems.a(IsisTRXVU.o)
 .text.IsisTrxvu_initialize
                0x2000a824      0x134 C:/ISIS/workspace-herzliya/GlobusSatProject2/satellite-subsystems/demo/..//satellite-subsystems/lib\libSatelliteSubsystems.a(IsisTRXVU.o)
                0x2000a824                IsisTrxvu_initialize
 .text.IsisTrxvu_componentSoftReset
                0x2000a958       0x34 C:/ISIS/workspace-herzliya/GlobusSatProject2/satellite-subsystems/demo/..//satellite-subsystems/lib\libSatelliteSubsystems.a(IsisTRXVU.o)
                0x2000a958                IsisTrxvu_componentSoftReset
 .text.IsisTrxvu_componentHardReset
                0x2000a98c       0x70 C:/ISIS/workspace-herzliya/GlobusSatProject2/satellite-subsystems/demo/..//satellite-subsystems/lib\libSatelliteSubsystems.a(IsisTRXVU.o)
                0x2000a98c                IsisTrxvu_componentHardReset
 .text.IsisTrxvu_tcSendAX25DefClSign
                0x2000a9fc       0x70 C:/ISIS/workspace-herzliya/GlobusSatProject2/satellite-subsystems/demo/..//satellite-subsystems/lib\libSatelliteSubsystems.a(IsisTRXVU.o)
                0x2000a9fc                IsisTrxvu_tcSendAX25DefClSign
 .text.IsisTrxvu_tcSetIdlestate
                0x2000aa6c       0x54 C:/ISIS/workspace-herzliya/GlobusSatProject2/satellite-subsystems/demo/..//satellite-subsystems/lib\libSatelliteSubsystems.a(IsisTRXVU.o)
                0x2000aa6c                IsisTrxvu_tcSetIdlestate
 .text.IsisTrxvu_tcSetAx25Bitrate
                0x2000aac0       0x7c C:/ISIS/workspace-herzliya/GlobusSatProject2/satellite-subsystems/demo/..//satellite-subsystems/lib\libSatelliteSubsystems.a(IsisTRXVU.o)
                0x2000aac0                IsisTrxvu_tcSetAx25Bitrate
 .text.IsisTrxvu_tcGetUptime
                0x2000ab3c       0x60 C:/ISIS/workspace-herzliya/GlobusSatProject2/satellite-subsystems/demo/..//satellite-subsystems/lib\libSatelliteSubsystems.a(IsisTRXVU.o)
                0x2000ab3c                IsisTrxvu_tcGetUptime
 .text.IsisTrxvu_tcGetTelemetryAll
                0x2000ab9c       0x80 C:/ISIS/workspace-herzliya/GlobusSatProject2/satellite-subsystems/demo/..//satellite-subsystems/lib\libSatelliteSubsystems.a(IsisTRXVU.o)
                0x2000ab9c                IsisTrxvu_tcGetTelemetryAll
 .text.IsisTrxvu_rcGetFrameCount
                0x2000ac1c       0x5c C:/ISIS/workspace-herzliya/GlobusSatProject2/satellite-subsystems/demo/..//satellite-subsystems/lib\libSatelliteSubsystems.a(IsisTRXVU.o)
                0x2000ac1c                IsisTrxvu_rcGetFrameCount
 .text.IsisTrxvu_rcGetCommandFrame
                0x2000ac78      0x19c C:/ISIS/workspace-herzliya/GlobusSatProject2/satellite-subsystems/demo/..//satellite-subsystems/lib\libSatelliteSubsystems.a(IsisTRXVU.o)
                0x2000ac78                IsisTrxvu_rcGetCommandFrame
 .text.IsisTrxvu_rcGetTelemetryAll
                0x2000ae14       0x7c C:/ISIS/workspace-herzliya/GlobusSatProject2/satellite-subsystems/demo/..//satellite-subsystems/lib\libSatelliteSubsystems.a(IsisTRXVU.o)
                0x2000ae14                IsisTrxvu_rcGetTelemetryAll
 .text._ISIS_HSTXS_I2C_Send.constprop.0
                0x2000ae90       0x38 C:/ISIS/workspace-herzliya/GlobusSatProject2/satellite-subsystems/demo/..//satellite-subsystems/lib\libSatelliteSubsystems.a(isis_hstxs.o)
 .text.ISIS_HSTXS_Init
                0x2000aec8       0x74 C:/ISIS/workspace-herzliya/GlobusSatProject2/satellite-subsystems/demo/..//satellite-subsystems/lib\libSatelliteSubsystems.a(isis_hstxs.o)
                0x2000aec8                ISIS_HSTXS_Init
 .text.isis_hstxs__get_engine_status
                0x2000af3c       0x5c C:/ISIS/workspace-herzliya/GlobusSatProject2/satellite-subsystems/demo/..//satellite-subsystems/lib\libSatelliteSubsystems.a(isis_hstxs.o)
                0x2000af3c                isis_hstxs__get_engine_status
 .text.isis_hstxs__get_general_status
                0x2000af98       0x5c C:/ISIS/workspace-herzliya/GlobusSatProject2/satellite-subsystems/demo/..//satellite-subsystems/lib\libSatelliteSubsystems.a(isis_hstxs.o)
                0x2000af98                isis_hstxs__get_general_status
 .text.isis_hstxs__get_telemetry
                0x2000aff4       0x60 C:/ISIS/workspace-herzliya/GlobusSatProject2/satellite-subsystems/demo/..//satellite-subsystems/lib\libSatelliteSubsystems.a(isis_hstxs.o)
                0x2000aff4                isis_hstxs__get_telemetry
 .text.isis_hstxs__get_tx_frequency
                0x2000b054       0x5c C:/ISIS/workspace-herzliya/GlobusSatProject2/satellite-subsystems/demo/..//satellite-subsystems/lib\libSatelliteSubsystems.a(isis_hstxs.o)
                0x2000b054                isis_hstxs__get_tx_frequency
 .text.isis_hstxs__get_uptime
                0x2000b0b0       0x5c C:/ISIS/workspace-herzliya/GlobusSatProject2/satellite-subsystems/demo/..//satellite-subsystems/lib\libSatelliteSubsystems.a(isis_hstxs.o)
                0x2000b0b0                isis_hstxs__get_uptime
 .text.isis_hstxs__reset
                0x2000b10c       0x4c C:/ISIS/workspace-herzliya/GlobusSatProject2/satellite-subsystems/demo/..//satellite-subsystems/lib\libSatelliteSubsystems.a(isis_hstxs.o)
                0x2000b10c                isis_hstxs__reset
 .text.isis_hstxs__set_fecf
                0x2000b158       0x4c C:/ISIS/workspace-herzliya/GlobusSatProject2/satellite-subsystems/demo/..//satellite-subsystems/lib\libSatelliteSubsystems.a(isis_hstxs.o)
                0x2000b158                isis_hstxs__set_fecf
 .text.isis_hstxs__set_modulation_scheme
                0x2000b1a4       0x4c C:/ISIS/workspace-herzliya/GlobusSatProject2/satellite-subsystems/demo/..//satellite-subsystems/lib\libSatelliteSubsystems.a(isis_hstxs.o)
                0x2000b1a4                isis_hstxs__set_modulation_scheme
 .text.isis_hstxs__set_sup_mode
                0x2000b1f0       0x50 C:/ISIS/workspace-herzliya/GlobusSatProject2/satellite-subsystems/demo/..//satellite-subsystems/lib\libSatelliteSubsystems.a(isis_hstxs.o)
                0x2000b1f0                isis_hstxs__set_sup_mode
 .text.isis_hstxs__set_symbolrate
                0x2000b240       0x4c C:/ISIS/workspace-herzliya/GlobusSatProject2/satellite-subsystems/demo/..//satellite-subsystems/lib\libSatelliteSubsystems.a(isis_hstxs.o)
                0x2000b240                isis_hstxs__set_symbolrate
 .text.isis_hstxs__set_tx_frequency
                0x2000b28c       0x58 C:/ISIS/workspace-herzliya/GlobusSatProject2/satellite-subsystems/demo/..//satellite-subsystems/lib\libSatelliteSubsystems.a(isis_hstxs.o)
                0x2000b28c                isis_hstxs__set_tx_frequency
 .text.isis_hstxs__set_tx_mode
                0x2000b2e4       0x4c C:/ISIS/workspace-herzliya/GlobusSatProject2/satellite-subsystems/demo/..//satellite-subsystems/lib\libSatelliteSubsystems.a(isis_hstxs.o)
                0x2000b2e4                isis_hstxs__set_tx_mode
 .text.isis_hstxs__write_and_send_frame
                0x2000b330       0xdc C:/ISIS/workspace-herzliya/GlobusSatProject2/satellite-subsystems/demo/..//satellite-subsystems/lib\libSatelliteSubsystems.a(isis_hstxs.o)
                0x2000b330                isis_hstxs__write_and_send_frame
 .text._WaitForStartup
                0x2000b40c       0x68 C:/ISIS/workspace-herzliya/GlobusSatProject2/satellite-subsystems/demo/..//satellite-subsystems/lib\libSatelliteSubsystems.a(IsisSolarPanelv2.o)
 .text._SpiWriteRead.constprop.0
                0x2000b474       0x38 C:/ISIS/workspace-herzliya/GlobusSatProject2/satellite-subsystems/demo/..//satellite-subsystems/lib\libSatelliteSubsystems.a(IsisSolarPanelv2.o)
 .text._AssignAllChannels
                0x2000b4ac       0x84 C:/ISIS/workspace-herzliya/GlobusSatProject2/satellite-subsystems/demo/..//satellite-subsystems/lib\libSatelliteSubsystems.a(IsisSolarPanelv2.o)
 .text.IsisSolarPanelv2_initialize
                0x2000b530       0x88 C:/ISIS/workspace-herzliya/GlobusSatProject2/satellite-subsystems/demo/..//satellite-subsystems/lib\libSatelliteSubsystems.a(IsisSolarPanelv2.o)
                0x2000b530                IsisSolarPanelv2_initialize
 .text.IsisSolarPanelv2_getTemperature
                0x2000b5b8      0x18c C:/ISIS/workspace-herzliya/GlobusSatProject2/satellite-subsystems/demo/..//satellite-subsystems/lib\libSatelliteSubsystems.a(IsisSolarPanelv2.o)
                0x2000b5b8                IsisSolarPanelv2_getTemperature
 .text.IsisSolarPanelv2_sleep
                0x2000b744       0x50 C:/ISIS/workspace-herzliya/GlobusSatProject2/satellite-subsystems/demo/..//satellite-subsystems/lib\libSatelliteSubsystems.a(IsisSolarPanelv2.o)
                0x2000b744                IsisSolarPanelv2_sleep
 .text.IsisSolarPanelv2_wakeup
                0x2000b794       0x54 C:/ISIS/workspace-herzliya/GlobusSatProject2/satellite-subsystems/demo/..//satellite-subsystems/lib\libSatelliteSubsystems.a(IsisSolarPanelv2.o)
                0x2000b794                IsisSolarPanelv2_wakeup
 .text.IsisSolarPanelv2_getState
                0x2000b7e8       0x10 C:/ISIS/workspace-herzliya/GlobusSatProject2/satellite-subsystems/demo/..//satellite-subsystems/lib\libSatelliteSubsystems.a(IsisSolarPanelv2.o)
                0x2000b7e8                IsisSolarPanelv2_getState
 .text.exp      0x2000b7f8      0x190 c:/isis/application/toolchain/bin/../lib/gcc/arm-none-eabi/4.7.4/../../../../arm-none-eabi/lib\libm.a(lib_a-w_exp.o)
                0x2000b7f8                exp
 .text.__ieee754_exp
                0x2000b988      0x448 c:/isis/application/toolchain/bin/../lib/gcc/arm-none-eabi/4.7.4/../../../../arm-none-eabi/lib\libm.a(lib_a-e_exp.o)
                0x2000b988                __ieee754_exp
 .text.finite   0x2000bdd0       0x10 c:/isis/application/toolchain/bin/../lib/gcc/arm-none-eabi/4.7.4/../../../../arm-none-eabi/lib\libm.a(lib_a-s_finite.o)
                0x2000bdd0                finite
 .text.__fpclassifyd
                0x2000bde0       0x6c c:/isis/application/toolchain/bin/../lib/gcc/arm-none-eabi/4.7.4/../../../../arm-none-eabi/lib\libm.a(lib_a-s_fpclassify.o)
                0x2000bde0                __fpclassifyd
 .text.matherr  0x2000be4c        0x8 c:/isis/application/toolchain/bin/../lib/gcc/arm-none-eabi/4.7.4/../../../../arm-none-eabi/lib\libm.a(lib_a-s_matherr.o)
                0x2000be4c                matherr
 .text.Supervisor_prepareAndCommunicateSPI
                0x2000be54       0x80 C:/ISIS/workspace-herzliya/GlobusSatProject2/satellite-subsystems/demo/../..//hal/hal/lib\libHAL.a(supervisor.o)
 .text.Supervisor_performCommunication
                0x2000bed4      0x260 C:/ISIS/workspace-herzliya/GlobusSatProject2/satellite-subsystems/demo/../..//hal/hal/lib\libHAL.a(supervisor.o)
 .text.Supervisor_start
                0x2000c134      0x16c C:/ISIS/workspace-herzliya/GlobusSatProject2/satellite-subsystems/demo/../..//hal/hal/lib\libHAL.a(supervisor.o)
                0x2000c134                Supervisor_start
 .text.Supervisor_getHousekeeping
                0x2000c2a0       0x18 C:/ISIS/workspace-herzliya/GlobusSatProject2/satellite-subsystems/demo/../..//hal/hal/lib\libHAL.a(supervisor.o)
                0x2000c2a0                Supervisor_getHousekeeping
 .text.Supervisor_calculateAdcValues
                0x2000c2b8      0x1b4 C:/ISIS/workspace-herzliya/GlobusSatProject2/satellite-subsystems/demo/../..//hal/hal/lib\libHAL.a(supervisor.o)
                0x2000c2b8                Supervisor_calculateAdcValues
 .text.checksum_calculateCRC8
                0x2000c46c       0x6c C:/ISIS/workspace-herzliya/GlobusSatProject2/satellite-subsystems/demo/../..//hal/hal/lib\libHAL.a(checksum.o)
                0x2000c46c                checksum_calculateCRC8
 .text.checksum_prepareLUTCRC8
                0x2000c4d8       0x44 C:/ISIS/workspace-herzliya/GlobusSatProject2/satellite-subsystems/demo/../..//hal/hal/lib\libHAL.a(checksum.o)
                0x2000c4d8                checksum_prepareLUTCRC8
 .text.clearPDCtransfers
                0x2000c51c       0x48 C:/ISIS/workspace-herzliya/GlobusSatProject2/satellite-subsystems/demo/../..//hal/hal/lib\libHAL.a(SPI.o)
 .text.waitForTransfer.part.0
                0x2000c564       0x44 C:/ISIS/workspace-herzliya/GlobusSatProject2/satellite-subsystems/demo/../..//hal/hal/lib\libHAL.a(SPI.o)
 .text.SPI_internalCallback
                0x2000c5a8       0x3c C:/ISIS/workspace-herzliya/GlobusSatProject2/satellite-subsystems/demo/../..//hal/hal/lib\libHAL.a(SPI.o)
 .text.SPI_stop
                0x2000c5e4      0x16c C:/ISIS/workspace-herzliya/GlobusSatProject2/satellite-subsystems/demo/../..//hal/hal/lib\libHAL.a(SPI.o)
                0x2000c5e4                SPI_stop
 .text.SPI_start
                0x2000c750      0x2b4 C:/ISIS/workspace-herzliya/GlobusSatProject2/satellite-subsystems/demo/../..//hal/hal/lib\libHAL.a(SPI.o)
                0x2000c750                SPI_start
 .text.SPI_queueTransfer
                0x2000ca04       0xec C:/ISIS/workspace-herzliya/GlobusSatProject2/satellite-subsystems/demo/../..//hal/hal/lib\libHAL.a(SPI.o)
                0x2000ca04                SPI_queueTransfer
 .text.SPI_writeRead
                0x2000caf0      0x100 C:/ISIS/workspace-herzliya/GlobusSatProject2/satellite-subsystems/demo/../..//hal/hal/lib\libHAL.a(SPI.o)
                0x2000caf0                SPI_writeRead
 .text.SPI_getDriverState
                0x2000cbf0       0x1c C:/ISIS/workspace-herzliya/GlobusSatProject2/satellite-subsystems/demo/../..//hal/hal/lib\libHAL.a(SPI.o)
                0x2000cbf0                SPI_getDriverState
 .text.uSdelay.constprop.0
                0x2000cc0c       0x4c C:/ISIS/workspace-herzliya/GlobusSatProject2/satellite-subsystems/demo/../..//hal/hal/lib\libHAL.a(LED.o)
 .text.LED_start
                0x2000cc58       0x10 C:/ISIS/workspace-herzliya/GlobusSatProject2/satellite-subsystems/demo/../..//hal/hal/lib\libHAL.a(LED.o)
                0x2000cc58                LED_start
 .text.LED_glow
                0x2000cc68       0x30 C:/ISIS/workspace-herzliya/GlobusSatProject2/satellite-subsystems/demo/../..//hal/hal/lib\libHAL.a(LED.o)
                0x2000cc68                LED_glow
 .text.LED_dark
                0x2000cc98       0x30 C:/ISIS/workspace-herzliya/GlobusSatProject2/satellite-subsystems/demo/../..//hal/hal/lib\libHAL.a(LED.o)
                0x2000cc98                LED_dark
 .text.LED_toggle
                0x2000ccc8       0x1c C:/ISIS/workspace-herzliya/GlobusSatProject2/satellite-subsystems/demo/../..//hal/hal/lib\libHAL.a(LED.o)
                0x2000ccc8                LED_toggle
 .text.LED_wave
                0x2000cce4       0x80 C:/ISIS/workspace-herzliya/GlobusSatProject2/satellite-subsystems/demo/../..//hal/hal/lib\libHAL.a(LED.o)
                0x2000cce4                LED_wave
 .text.LED_waveReverse
                0x2000cd64       0x80 C:/ISIS/workspace-herzliya/GlobusSatProject2/satellite-subsystems/demo/../..//hal/hal/lib\libHAL.a(LED.o)
                0x2000cd64                LED_waveReverse
 .text.I2C_internalCallback
                0x2000cde4       0x3c C:/ISIS/workspace-herzliya/GlobusSatProject2/satellite-subsystems/demo/../..//hal/hal/lib\libHAL.a(I2C.o)
 .text.I2C_queueTransfer
                0x2000ce20      0x110 C:/ISIS/workspace-herzliya/GlobusSatProject2/satellite-subsystems/demo/../..//hal/hal/lib\libHAL.a(I2C.o)
                0x2000ce20                I2C_queueTransfer
 .text.I2C_doBlockingTransfer
                0x2000cf30      0x110 C:/ISIS/workspace-herzliya/GlobusSatProject2/satellite-subsystems/demo/../..//hal/hal/lib\libHAL.a(I2C.o)
 .text.I2C_writeRead
                0x2000d040       0xa0 C:/ISIS/workspace-herzliya/GlobusSatProject2/satellite-subsystems/demo/../..//hal/hal/lib\libHAL.a(I2C.o)
                0x2000d040                I2C_writeRead
 .text.I2C_stop
                0x2000d0e0       0xf8 C:/ISIS/workspace-herzliya/GlobusSatProject2/satellite-subsystems/demo/../..//hal/hal/lib\libHAL.a(I2C.o)
                0x2000d0e0                I2C_stop
 .text.I2C_setTransferTimeout
                0x2000d1d8       0x1c C:/ISIS/workspace-herzliya/GlobusSatProject2/satellite-subsystems/demo/../..//hal/hal/lib\libHAL.a(I2C.o)
                0x2000d1d8                I2C_setTransferTimeout
 .text.I2C_start
                0x2000d1f4      0x200 C:/ISIS/workspace-herzliya/GlobusSatProject2/satellite-subsystems/demo/../..//hal/hal/lib\libHAL.a(I2C.o)
                0x2000d1f4                I2C_start
 .text.I2C_getDriverState
                0x2000d3f4       0x10 C:/ISIS/workspace-herzliya/GlobusSatProject2/satellite-subsystems/demo/../..//hal/hal/lib\libHAL.a(I2C.o)
                0x2000d3f4                I2C_getDriverState
 .text.WDT_start
                0x2000d404       0x3c C:/ISIS/workspace-herzliya/GlobusSatProject2/satellite-subsystems/demo/../..//hal/hal/lib\libHAL.a(WatchDogTimerNoOS.o)
                0x2000d404                WDT_start
 .text.WDT_startWatchdogKickTask
                0x2000d440       0x88 C:/ISIS/workspace-herzliya/GlobusSatProject2/satellite-subsystems/demo/../..//hal/hal/lib\libHAL.a(WatchDogTimerOS.o)
                0x2000d440                WDT_startWatchdogKickTask
 .text.WDT_forceKickEveryNms
                0x2000d4c8       0x34 C:/ISIS/workspace-herzliya/GlobusSatProject2/satellite-subsystems/demo/../..//hal/hal/lib\libHAL.a(WatchDogTimerOS.o)
                0x2000d4c8                WDT_forceKickEveryNms
 .text.UTIL_DbguGetInteger
                0x2000d4fc       0xd8 C:/ISIS/workspace-herzliya/GlobusSatProject2/satellite-subsystems/demo/../..//hal/hal/lib\libHAL.a(util.o)
                0x2000d4fc                UTIL_DbguGetInteger
 .text.UTIL_DbguGetIntegerMinMax
                0x2000d5d4       0x74 C:/ISIS/workspace-herzliya/GlobusSatProject2/satellite-subsystems/demo/../..//hal/hal/lib\libHAL.a(util.o)
                0x2000d5d4                UTIL_DbguGetIntegerMinMax
 .text.prvCopyDataToQueue
                0x2000d648       0xc4 C:/ISIS/workspace-herzliya/GlobusSatProject2/satellite-subsystems/demo/../..//hal/freertos/lib\libFreeRTOS.a(queue.o)
 .text.prvCopyDataFromQueue
                0x2000d70c       0x40 C:/ISIS/workspace-herzliya/GlobusSatProject2/satellite-subsystems/demo/../..//hal/freertos/lib\libFreeRTOS.a(queue.o)
 .text.prvNotifyQueueSetContainer
                0x2000d74c       0xb4 C:/ISIS/workspace-herzliya/GlobusSatProject2/satellite-subsystems/demo/../..//hal/freertos/lib\libFreeRTOS.a(queue.o)
 .text.prvUnlockQueue
                0x2000d800       0xc8 C:/ISIS/workspace-herzliya/GlobusSatProject2/satellite-subsystems/demo/../..//hal/freertos/lib\libFreeRTOS.a(queue.o)
 .text.xQueueGenericReset
                0x2000d8c8       0xbc C:/ISIS/workspace-herzliya/GlobusSatProject2/satellite-subsystems/demo/../..//hal/freertos/lib\libFreeRTOS.a(queue.o)
                0x2000d8c8                xQueueGenericReset
 .text.xQueueGenericCreate
                0x2000d984       0x8c C:/ISIS/workspace-herzliya/GlobusSatProject2/satellite-subsystems/demo/../..//hal/freertos/lib\libFreeRTOS.a(queue.o)
                0x2000d984                xQueueGenericCreate
 .text.xQueueGenericSend
                0x2000da10      0x1f8 C:/ISIS/workspace-herzliya/GlobusSatProject2/satellite-subsystems/demo/../..//hal/freertos/lib\libFreeRTOS.a(queue.o)
                0x2000da10                xQueueGenericSend
 .text.xQueueCreateMutex
                0x2000dc08       0x9c C:/ISIS/workspace-herzliya/GlobusSatProject2/satellite-subsystems/demo/../..//hal/freertos/lib\libFreeRTOS.a(queue.o)
                0x2000dc08                xQueueCreateMutex
 .text.xQueueGenericSendFromISR
                0x2000dca4      0x148 C:/ISIS/workspace-herzliya/GlobusSatProject2/satellite-subsystems/demo/../..//hal/freertos/lib\libFreeRTOS.a(queue.o)
                0x2000dca4                xQueueGenericSendFromISR
 .text.xQueueGenericReceive
                0x2000ddec      0x204 C:/ISIS/workspace-herzliya/GlobusSatProject2/satellite-subsystems/demo/../..//hal/freertos/lib\libFreeRTOS.a(queue.o)
                0x2000ddec                xQueueGenericReceive
 .text.uxQueueMessagesWaiting
                0x2000dff0       0x4c C:/ISIS/workspace-herzliya/GlobusSatProject2/satellite-subsystems/demo/../..//hal/freertos/lib\libFreeRTOS.a(queue.o)
                0x2000dff0                uxQueueMessagesWaiting
 .text.vQueueUnregisterQueue
                0x2000e03c       0x38 C:/ISIS/workspace-herzliya/GlobusSatProject2/satellite-subsystems/demo/../..//hal/freertos/lib\libFreeRTOS.a(queue.o)
                0x2000e03c                vQueueUnregisterQueue
 .text.vQueueDelete
                0x2000e074       0x50 C:/ISIS/workspace-herzliya/GlobusSatProject2/satellite-subsystems/demo/../..//hal/freertos/lib\libFreeRTOS.a(queue.o)
                0x2000e074                vQueueDelete
 .text.vQueueWaitForMessageRestricted
                0x2000e0c4       0x58 C:/ISIS/workspace-herzliya/GlobusSatProject2/satellite-subsystems/demo/../..//hal/freertos/lib\libFreeRTOS.a(queue.o)
                0x2000e0c4                vQueueWaitForMessageRestricted
 .text.vListInitialise
                0x2000e11c       0x24 C:/ISIS/workspace-herzliya/GlobusSatProject2/satellite-subsystems/demo/../..//hal/freertos/lib\libFreeRTOS.a(list.o)
                0x2000e11c                vListInitialise
 .text.vListInitialiseItem
                0x2000e140        0xc C:/ISIS/workspace-herzliya/GlobusSatProject2/satellite-subsystems/demo/../..//hal/freertos/lib\libFreeRTOS.a(list.o)
                0x2000e140                vListInitialiseItem
 .text.vListInsertEnd
                0x2000e14c       0x30 C:/ISIS/workspace-herzliya/GlobusSatProject2/satellite-subsystems/demo/../..//hal/freertos/lib\libFreeRTOS.a(list.o)
                0x2000e14c                vListInsertEnd
 .text.vListInsert
                0x2000e17c       0x58 C:/ISIS/workspace-herzliya/GlobusSatProject2/satellite-subsystems/demo/../..//hal/freertos/lib\libFreeRTOS.a(list.o)
                0x2000e17c                vListInsert
 .text.uxListRemove
                0x2000e1d4       0x3c C:/ISIS/workspace-herzliya/GlobusSatProject2/satellite-subsystems/demo/../..//hal/freertos/lib\libFreeRTOS.a(list.o)
                0x2000e1d4                uxListRemove
 .text.prvAddCurrentTaskToDelayedList
                0x2000e210       0x60 C:/ISIS/workspace-herzliya/GlobusSatProject2/satellite-subsystems/demo/../..//hal/freertos/lib\libFreeRTOS.a(tasks.o)
 .text.xTaskGenericCreate
                0x2000e270      0x3e0 C:/ISIS/workspace-herzliya/GlobusSatProject2/satellite-subsystems/demo/../..//hal/freertos/lib\libFreeRTOS.a(tasks.o)
                0x2000e270                xTaskGenericCreate
 .text.vTaskDelete
                0x2000e650       0x88 C:/ISIS/workspace-herzliya/GlobusSatProject2/satellite-subsystems/demo/../..//hal/freertos/lib\libFreeRTOS.a(tasks.o)
                0x2000e650                vTaskDelete
 .text.vTaskStartScheduler
                0x2000e6d8       0xc8 C:/ISIS/workspace-herzliya/GlobusSatProject2/satellite-subsystems/demo/../..//hal/freertos/lib\libFreeRTOS.a(tasks.o)
                0x2000e6d8                vTaskStartScheduler
 .text.vTaskSuspendAll
                0x2000e7a0       0x18 C:/ISIS/workspace-herzliya/GlobusSatProject2/satellite-subsystems/demo/../..//hal/freertos/lib\libFreeRTOS.a(tasks.o)
                0x2000e7a0                vTaskSuspendAll
 .text.xTaskGetTickCount
                0x2000e7b8       0x20 C:/ISIS/workspace-herzliya/GlobusSatProject2/satellite-subsystems/demo/../..//hal/freertos/lib\libFreeRTOS.a(tasks.o)
                0x2000e7b8                xTaskGetTickCount
 .text.xTaskIncrementTick
                0x2000e7d8      0x16c C:/ISIS/workspace-herzliya/GlobusSatProject2/satellite-subsystems/demo/../..//hal/freertos/lib\libFreeRTOS.a(tasks.o)
                0x2000e7d8                xTaskIncrementTick
 .text.xTaskResumeAll
                0x2000e944      0x140 C:/ISIS/workspace-herzliya/GlobusSatProject2/satellite-subsystems/demo/../..//hal/freertos/lib\libFreeRTOS.a(tasks.o)
                0x2000e944                xTaskResumeAll
 .text.prvIdleTask
                0x2000ea84       0x7c C:/ISIS/workspace-herzliya/GlobusSatProject2/satellite-subsystems/demo/../..//hal/freertos/lib\libFreeRTOS.a(tasks.o)
 .text.vTaskDelay
                0x2000eb00       0x4c C:/ISIS/workspace-herzliya/GlobusSatProject2/satellite-subsystems/demo/../..//hal/freertos/lib\libFreeRTOS.a(tasks.o)
                0x2000eb00                vTaskDelay
 .text.vTaskDelayUntil
                0x2000eb4c       0xe0 C:/ISIS/workspace-herzliya/GlobusSatProject2/satellite-subsystems/demo/../..//hal/freertos/lib\libFreeRTOS.a(tasks.o)
                0x2000eb4c                vTaskDelayUntil
 .text.vTaskSwitchContext
                0x2000ec2c       0xfc C:/ISIS/workspace-herzliya/GlobusSatProject2/satellite-subsystems/demo/../..//hal/freertos/lib\libFreeRTOS.a(tasks.o)
                0x2000ec2c                vTaskSwitchContext
 .text.vTaskPlaceOnEventList
                0x2000ed28       0x84 C:/ISIS/workspace-herzliya/GlobusSatProject2/satellite-subsystems/demo/../..//hal/freertos/lib\libFreeRTOS.a(tasks.o)
                0x2000ed28                vTaskPlaceOnEventList
 .text.vTaskPlaceOnEventListRestricted
                0x2000edac       0x6c C:/ISIS/workspace-herzliya/GlobusSatProject2/satellite-subsystems/demo/../..//hal/freertos/lib\libFreeRTOS.a(tasks.o)
                0x2000edac                vTaskPlaceOnEventListRestricted
 .text.xTaskRemoveFromEventList
                0x2000ee18       0xbc C:/ISIS/workspace-herzliya/GlobusSatProject2/satellite-subsystems/demo/../..//hal/freertos/lib\libFreeRTOS.a(tasks.o)
                0x2000ee18                xTaskRemoveFromEventList
 .text.vTaskSetTimeOutState
                0x2000eed4       0x54 C:/ISIS/workspace-herzliya/GlobusSatProject2/satellite-subsystems/demo/../..//hal/freertos/lib\libFreeRTOS.a(tasks.o)
                0x2000eed4                vTaskSetTimeOutState
 .text.xTaskCheckForTimeOut
                0x2000ef28       0xd4 C:/ISIS/workspace-herzliya/GlobusSatProject2/satellite-subsystems/demo/../..//hal/freertos/lib\libFreeRTOS.a(tasks.o)
                0x2000ef28                xTaskCheckForTimeOut
 .text.vTaskMissedYield
                0x2000effc       0x14 C:/ISIS/workspace-herzliya/GlobusSatProject2/satellite-subsystems/demo/../..//hal/freertos/lib\libFreeRTOS.a(tasks.o)
                0x2000effc                vTaskMissedYield
 .text.xTaskGetCurrentTaskHandle
                0x2000f010       0x10 C:/ISIS/workspace-herzliya/GlobusSatProject2/satellite-subsystems/demo/../..//hal/freertos/lib\libFreeRTOS.a(tasks.o)
                0x2000f010                xTaskGetCurrentTaskHandle
 .text.xTaskGetSchedulerState
                0x2000f020       0x28 C:/ISIS/workspace-herzliya/GlobusSatProject2/satellite-subsystems/demo/../..//hal/freertos/lib\libFreeRTOS.a(tasks.o)
                0x2000f020                xTaskGetSchedulerState
 .text.vTaskPriorityInherit
                0x2000f048       0x98 C:/ISIS/workspace-herzliya/GlobusSatProject2/satellite-subsystems/demo/../..//hal/freertos/lib\libFreeRTOS.a(tasks.o)
                0x2000f048                vTaskPriorityInherit
 .text.vTaskPriorityDisinherit
                0x2000f0e0       0x68 C:/ISIS/workspace-herzliya/GlobusSatProject2/satellite-subsystems/demo/../..//hal/freertos/lib\libFreeRTOS.a(tasks.o)
                0x2000f0e0                vTaskPriorityDisinherit
 .text.prvCheckForValidListAndQueue
                0x2000f148       0x58 C:/ISIS/workspace-herzliya/GlobusSatProject2/satellite-subsystems/demo/../..//hal/freertos/lib\libFreeRTOS.a(timers.o)
 .text.prvInsertTimerInActiveList
                0x2000f1a0       0x70 C:/ISIS/workspace-herzliya/GlobusSatProject2/satellite-subsystems/demo/../..//hal/freertos/lib\libFreeRTOS.a(timers.o)
 .text.xTimerCreateTimerTask
                0x2000f210       0x88 C:/ISIS/workspace-herzliya/GlobusSatProject2/satellite-subsystems/demo/../..//hal/freertos/lib\libFreeRTOS.a(timers.o)
                0x2000f210                xTimerCreateTimerTask
 .text.xTimerGenericCommand
                0x2000f298       0x70 C:/ISIS/workspace-herzliya/GlobusSatProject2/satellite-subsystems/demo/../..//hal/freertos/lib\libFreeRTOS.a(timers.o)
                0x2000f298                xTimerGenericCommand
 .text.prvSwitchTimerLists.isra.1
                0x2000f308       0xd0 C:/ISIS/workspace-herzliya/GlobusSatProject2/satellite-subsystems/demo/../..//hal/freertos/lib\libFreeRTOS.a(timers.o)
 .text.prvTimerTask
                0x2000f3d8      0x288 C:/ISIS/workspace-herzliya/GlobusSatProject2/satellite-subsystems/demo/../..//hal/freertos/lib\libFreeRTOS.a(timers.o)
 .text.vApplicationStackOverflowHook
                0x2000f660       0x50 C:/ISIS/workspace-herzliya/GlobusSatProject2/satellite-subsystems/demo/../..//hal/freertos/lib\libFreeRTOS.a(hooks.o)
                0x2000f660                vApplicationStackOverflowHook
 .text.vApplicationIdleHook
                0x2000f6b0        0x4 C:/ISIS/workspace-herzliya/GlobusSatProject2/satellite-subsystems/demo/../..//hal/freertos/lib\libFreeRTOS.a(hooks.o)
                0x2000f6b0                vApplicationIdleHook
 .text.vApplicationMallocFailedHook
                0x2000f6b4       0x28 C:/ISIS/workspace-herzliya/GlobusSatProject2/satellite-subsystems/demo/../..//hal/freertos/lib\libFreeRTOS.a(hooks.o)
                0x2000f6b4                vApplicationMallocFailedHook
 .text.pvPortMalloc
                0x2000f6dc        0x4 C:/ISIS/workspace-herzliya/GlobusSatProject2/satellite-subsystems/demo/../..//hal/freertos/lib\libFreeRTOS.a(standardMemMang.o)
                0x2000f6dc                pvPortMalloc
 .text.vPortFree
                0x2000f6e0        0x4 C:/ISIS/workspace-herzliya/GlobusSatProject2/satellite-subsystems/demo/../..//hal/freertos/lib\libFreeRTOS.a(standardMemMang.o)
                0x2000f6e0                vPortFree
 .text._sbrk    0x2000f6e4       0x78 C:/ISIS/workspace-herzliya/GlobusSatProject2/satellite-subsystems/demo/../..//hal/freertos/lib\libFreeRTOS.a(standardMemMang.o)
                0x2000f6e4                _sbrk
 .text.__malloc_lock
                0x2000f75c        0x4 C:/ISIS/workspace-herzliya/GlobusSatProject2/satellite-subsystems/demo/../..//hal/freertos/lib\libFreeRTOS.a(standardMemMang.o)
                0x2000f75c                __malloc_lock
 .text.__malloc_unlock
                0x2000f760        0x4 C:/ISIS/workspace-herzliya/GlobusSatProject2/satellite-subsystems/demo/../..//hal/freertos/lib\libFreeRTOS.a(standardMemMang.o)
                0x2000f760                __malloc_unlock
 .text.pxPortInitialiseStack
                0x2000f764       0xb8 C:/ISIS/workspace-herzliya/GlobusSatProject2/satellite-subsystems/demo/../..//hal/freertos/lib\libFreeRTOS.a(port.o)
                0x2000f764                pxPortInitialiseStack
 .text.xPortStartScheduler
                0x2000f81c       0x94 C:/ISIS/workspace-herzliya/GlobusSatProject2/satellite-subsystems/demo/../..//hal/freertos/lib\libFreeRTOS.a(port.o)
                0x2000f81c                xPortStartScheduler
 .text.vPortEnterCritical
                0x2000f8b0       0x2c C:/ISIS/workspace-herzliya/GlobusSatProject2/satellite-subsystems/demo/../..//hal/freertos/lib\libFreeRTOS.a(port.o)
                0x2000f8b0                vPortEnterCritical
 .text.vPortExitCritical
                0x2000f8dc       0x44 C:/ISIS/workspace-herzliya/GlobusSatProject2/satellite-subsystems/demo/../..//hal/freertos/lib\libFreeRTOS.a(port.o)
                0x2000f8dc                vPortExitCritical
 .text._read    0x2000f920       0x54 C:/ISIS/workspace-herzliya/GlobusSatProject2/satellite-subsystems/demo/../..//hal/at91/lib\libAt91.a(syscalls.o)
                0x2000f920                _read
 .text._write   0x2000f974       0x6c C:/ISIS/workspace-herzliya/GlobusSatProject2/satellite-subsystems/demo/../..//hal/at91/lib\libAt91.a(syscalls.o)
                0x2000f974                _write
 .text._lseek   0x2000f9e0        0x8 C:/ISIS/workspace-herzliya/GlobusSatProject2/satellite-subsystems/demo/../..//hal/at91/lib\libAt91.a(syscalls.o)
                0x2000f9e0                _lseek
 .text._close   0x2000f9e8        0x8 C:/ISIS/workspace-herzliya/GlobusSatProject2/satellite-subsystems/demo/../..//hal/at91/lib\libAt91.a(syscalls.o)
                0x2000f9e8                _close
 .text._fstat   0x2000f9f0        0x8 C:/ISIS/workspace-herzliya/GlobusSatProject2/satellite-subsystems/demo/../..//hal/at91/lib\libAt91.a(syscalls.o)
                0x2000f9f0                _fstat
 .text._isatty  0x2000f9f8       0x10 C:/ISIS/workspace-herzliya/GlobusSatProject2/satellite-subsystems/demo/../..//hal/at91/lib\libAt91.a(syscalls.o)
                0x2000f9f8                _isatty
 .text._exit    0x2000fa08       0x1c C:/ISIS/workspace-herzliya/GlobusSatProject2/satellite-subsystems/demo/../..//hal/at91/lib\libAt91.a(syscalls.o)
                0x2000fa08                _exit
 .text.exit     0x2000fa24        0x8 C:/ISIS/workspace-herzliya/GlobusSatProject2/satellite-subsystems/demo/../..//hal/at91/lib\libAt91.a(syscalls.o)
                0x2000fa24                exit
 .text.AIC_ConfigureIT
                0x2000fa2c       0x30 C:/ISIS/workspace-herzliya/GlobusSatProject2/satellite-subsystems/demo/../..//hal/at91/lib\libAt91.a(aic.o)
                0x2000fa2c                AIC_ConfigureIT
 .text.AIC_EnableIT
                0x2000fa5c       0x14 C:/ISIS/workspace-herzliya/GlobusSatProject2/satellite-subsystems/demo/../..//hal/at91/lib\libAt91.a(aic.o)
                0x2000fa5c                AIC_EnableIT
 .text.AIC_DisableIT
                0x2000fa70       0x14 C:/ISIS/workspace-herzliya/GlobusSatProject2/satellite-subsystems/demo/../..//hal/at91/lib\libAt91.a(aic.o)
                0x2000fa70                AIC_DisableIT
 .text.CP15_Enable_I_Cache
                0x2000fa84       0x1c C:/ISIS/workspace-herzliya/GlobusSatProject2/satellite-subsystems/demo/../..//hal/at91/lib\libAt91.a(cp15.o)
                0x2000fa84                CP15_Enable_I_Cache
 .text.CP15_Disable_I_Cache
                0x2000faa0       0x1c C:/ISIS/workspace-herzliya/GlobusSatProject2/satellite-subsystems/demo/../..//hal/at91/lib\libAt91.a(cp15.o)
                0x2000faa0                CP15_Disable_I_Cache
 .text.CP15_DisableMMU
                0x2000fabc       0x1c C:/ISIS/workspace-herzliya/GlobusSatProject2/satellite-subsystems/demo/../..//hal/at91/lib\libAt91.a(cp15.o)
                0x2000fabc                CP15_DisableMMU
 .text.CP15_Disable_D_Cache
                0x2000fad8       0x1c C:/ISIS/workspace-herzliya/GlobusSatProject2/satellite-subsystems/demo/../..//hal/at91/lib\libAt91.a(cp15.o)
                0x2000fad8                CP15_Disable_D_Cache
 .text.CP15_Disable_AlignmentFault
                0x2000faf4       0x1c C:/ISIS/workspace-herzliya/GlobusSatProject2/satellite-subsystems/demo/../..//hal/at91/lib\libAt91.a(cp15.o)
                0x2000faf4                CP15_Disable_AlignmentFault
 .text.DBGU_Configure
                0x2000fb10       0x44 C:/ISIS/workspace-herzliya/GlobusSatProject2/satellite-subsystems/demo/../..//hal/at91/lib\libAt91.a(dbgu.o)
                0x2000fb10                DBGU_Configure
 .text.DBGU_PutChar
                0x2000fb54       0x28 C:/ISIS/workspace-herzliya/GlobusSatProject2/satellite-subsystems/demo/../..//hal/at91/lib\libAt91.a(dbgu.o)
                0x2000fb54                DBGU_PutChar
 .text.DBGU_IsRxReady
                0x2000fb7c       0x10 C:/ISIS/workspace-herzliya/GlobusSatProject2/satellite-subsystems/demo/../..//hal/at91/lib\libAt91.a(dbgu.o)
                0x2000fb7c                DBGU_IsRxReady
 .text.DBGU_GetChar
                0x2000fb8c       0x1c C:/ISIS/workspace-herzliya/GlobusSatProject2/satellite-subsystems/demo/../..//hal/at91/lib\libAt91.a(dbgu.o)
                0x2000fb8c                DBGU_GetChar
 .text.PioInterruptHandler
                0x2000fba8       0x84 C:/ISIS/workspace-herzliya/GlobusSatProject2/satellite-subsystems/demo/../..//hal/at91/lib\libAt91.a(pio_it.o)
 .text.InterruptHandler
                0x2000fc2c       0x38 C:/ISIS/workspace-herzliya/GlobusSatProject2/satellite-subsystems/demo/../..//hal/at91/lib\libAt91.a(pio_it.o)
 .text.PIO_InitializeInterrupts
                0x2000fc64       0xa4 C:/ISIS/workspace-herzliya/GlobusSatProject2/satellite-subsystems/demo/../..//hal/at91/lib\libAt91.a(pio_it.o)
                0x2000fc64                PIO_InitializeInterrupts
 .text.PIO_ConfigureIt
                0x2000fd08       0x44 C:/ISIS/workspace-herzliya/GlobusSatProject2/satellite-subsystems/demo/../..//hal/at91/lib\libAt91.a(pio_it.o)
                0x2000fd08                PIO_ConfigureIt
 .text.PIO_EnableIt
                0x2000fd4c       0x6c C:/ISIS/workspace-herzliya/GlobusSatProject2/satellite-subsystems/demo/../..//hal/at91/lib\libAt91.a(pio_it.o)
                0x2000fd4c                PIO_EnableIt
 .text.PIO_DisableIt
                0x2000fdb8       0x18 C:/ISIS/workspace-herzliya/GlobusSatProject2/satellite-subsystems/demo/../..//hal/at91/lib\libAt91.a(pio_it.o)
                0x2000fdb8                PIO_DisableIt
 .text.PIO_Configure
                0x2000fdd0      0x128 C:/ISIS/workspace-herzliya/GlobusSatProject2/satellite-subsystems/demo/../..//hal/at91/lib\libAt91.a(pio.o)
                0x2000fdd0                PIO_Configure
 .text.PIO_Set  0x2000fef8       0x10 C:/ISIS/workspace-herzliya/GlobusSatProject2/satellite-subsystems/demo/../..//hal/at91/lib\libAt91.a(pio.o)
                0x2000fef8                PIO_Set
 .text.PIO_Clear
                0x2000ff08       0x10 C:/ISIS/workspace-herzliya/GlobusSatProject2/satellite-subsystems/demo/../..//hal/at91/lib\libAt91.a(pio.o)
                0x2000ff08                PIO_Clear
 .text.PIO_Get  0x2000ff18       0x34 C:/ISIS/workspace-herzliya/GlobusSatProject2/satellite-subsystems/demo/../..//hal/at91/lib\libAt91.a(pio.o)
                0x2000ff18                PIO_Get
 .text.PIT_Init
                0x2000ff4c       0x28 C:/ISIS/workspace-herzliya/GlobusSatProject2/satellite-subsystems/demo/../..//hal/at91/lib\libAt91.a(pit.o)
                0x2000ff4c                PIT_Init
 .text.PIT_Enable
                0x2000ff74       0x14 C:/ISIS/workspace-herzliya/GlobusSatProject2/satellite-subsystems/demo/../..//hal/at91/lib\libAt91.a(pit.o)
                0x2000ff74                PIT_Enable
 .text.PIT_EnableIT
                0x2000ff88       0x14 C:/ISIS/workspace-herzliya/GlobusSatProject2/satellite-subsystems/demo/../..//hal/at91/lib\libAt91.a(pit.o)
                0x2000ff88                PIT_EnableIT
 .text.PMC_EnablePeripheral
                0x2000ff9c       0x54 C:/ISIS/workspace-herzliya/GlobusSatProject2/satellite-subsystems/demo/../..//hal/at91/lib\libAt91.a(pmc.o)
                0x2000ff9c                PMC_EnablePeripheral
 .text.PMC_DisablePeripheral
                0x2000fff0       0x54 C:/ISIS/workspace-herzliya/GlobusSatProject2/satellite-subsystems/demo/../..//hal/at91/lib\libAt91.a(pmc.o)
                0x2000fff0                PMC_DisablePeripheral
 .text.SPI_Enable
                0x20010044        0xc C:/ISIS/workspace-herzliya/GlobusSatProject2/satellite-subsystems/demo/../..//hal/at91/lib\libAt91.a(spi_at91.o)
                0x20010044                SPI_Enable
 .text.SPI_Disable
                0x20010050        0xc C:/ISIS/workspace-herzliya/GlobusSatProject2/satellite-subsystems/demo/../..//hal/at91/lib\libAt91.a(spi_at91.o)
                0x20010050                SPI_Disable
 .text.SPI_Configure
                0x2001005c       0x2c C:/ISIS/workspace-herzliya/GlobusSatProject2/satellite-subsystems/demo/../..//hal/at91/lib\libAt91.a(spi_at91.o)
                0x2001005c                SPI_Configure
 .text.SPI_ConfigureNPCS
                0x20010088        0xc C:/ISIS/workspace-herzliya/GlobusSatProject2/satellite-subsystems/demo/../..//hal/at91/lib\libAt91.a(spi_at91.o)
                0x20010088                SPI_ConfigureNPCS
 .text.TWI_ConfigureMaster
                0x20010094      0x194 C:/ISIS/workspace-herzliya/GlobusSatProject2/satellite-subsystems/demo/../..//hal/at91/lib\libAt91.a(twi_at91.o)
                0x20010094                TWI_ConfigureMaster
 .text.TWI_GetMaskedStatus
                0x20010228       0x48 C:/ISIS/workspace-herzliya/GlobusSatProject2/satellite-subsystems/demo/../..//hal/at91/lib\libAt91.a(twi_at91.o)
                0x20010228                TWI_GetMaskedStatus
 .text.print_hex
                0x20010270       0x44 C:/ISIS/workspace-herzliya/GlobusSatProject2/satellite-subsystems/demo/../..//hal/at91/lib\libAt91.a(ExitHandler.o)
 .text.handleAbort
                0x200102b4      0x880 C:/ISIS/workspace-herzliya/GlobusSatProject2/satellite-subsystems/demo/../..//hal/at91/lib\libAt91.a(ExitHandler.o)
                0x200102b4                handleAbort
 .text.restart  0x20010b34       0x2c C:/ISIS/workspace-herzliya/GlobusSatProject2/satellite-subsystems/demo/../..//hal/at91/lib\libAt91.a(ExitHandler.o)
                0x20010b34                restart
 .text.defaultSpuriousHandler
                0x20010b60        0x4 C:/ISIS/workspace-herzliya/GlobusSatProject2/satellite-subsystems/demo/../..//hal/at91/lib\libAt91.a(board_lowlevel.o)
                0x20010b60                defaultSpuriousHandler
 .text.defaultIrqHandler
                0x20010b64       0x30 C:/ISIS/workspace-herzliya/GlobusSatProject2/satellite-subsystems/demo/../..//hal/at91/lib\libAt91.a(board_lowlevel.o)
                0x20010b64                defaultIrqHandler
 .text.defaultFiqHandler
                0x20010b94       0x30 C:/ISIS/workspace-herzliya/GlobusSatProject2/satellite-subsystems/demo/../..//hal/at91/lib\libAt91.a(board_lowlevel.o)
                0x20010b94                defaultFiqHandler
 .text.LowLevelInit
                0x20010bc4       0x94 C:/ISIS/workspace-herzliya/GlobusSatProject2/satellite-subsystems/demo/../..//hal/at91/lib\libAt91.a(board_lowlevel.o)
                0x20010bc4                LowLevelInit
 .text.BOARD_RemapRam
                0x20010c58       0x10 C:/ISIS/workspace-herzliya/GlobusSatProject2/satellite-subsystems/demo/../..//hal/at91/lib\libAt91.a(board_memories.o)
                0x20010c58                BOARD_RemapRam
 .text.__errno  0x20010c68       0x10 c:/isis/application/toolchain/bin/../lib/gcc/arm-none-eabi/4.7.4/../../../../arm-none-eabi/lib\libc.a(lib_a-errno.o)
                0x20010c68                __errno
 .text._fflush_r
                0x20010c78      0x250 c:/isis/application/toolchain/bin/../lib/gcc/arm-none-eabi/4.7.4/../../../../arm-none-eabi/lib\libc.a(lib_a-fflush.o)
                0x20010c78                _fflush_r
 .text.fflush   0x20010ec8       0x40 c:/isis/application/toolchain/bin/../lib/gcc/arm-none-eabi/4.7.4/../../../../arm-none-eabi/lib\libc.a(lib_a-fflush.o)
                0x20010ec8                fflush
 .text._cleanup_r
                0x20010f08       0x18 c:/isis/application/toolchain/bin/../lib/gcc/arm-none-eabi/4.7.4/../../../../arm-none-eabi/lib\libc.a(lib_a-findfp.o)
                0x20010f08                _cleanup_r
 .text.std.isra.0
                0x20010f20       0x7c c:/isis/application/toolchain/bin/../lib/gcc/arm-none-eabi/4.7.4/../../../../arm-none-eabi/lib\libc.a(lib_a-findfp.o)
 .text.__sinit  0x20010f9c       0x78 c:/isis/application/toolchain/bin/../lib/gcc/arm-none-eabi/4.7.4/../../../../arm-none-eabi/lib\libc.a(lib_a-findfp.o)
                0x20010f9c                __sinit
 .text.__sfp_lock_acquire
                0x20011014        0x4 c:/isis/application/toolchain/bin/../lib/gcc/arm-none-eabi/4.7.4/../../../../arm-none-eabi/lib\libc.a(lib_a-findfp.o)
                0x20011014                __sfp_lock_acquire
 .text.__sfp_lock_release
                0x20011018        0x4 c:/isis/application/toolchain/bin/../lib/gcc/arm-none-eabi/4.7.4/../../../../arm-none-eabi/lib\libc.a(lib_a-findfp.o)
                0x20011018                __sfp_lock_release
 .text._malloc_trim_r
                0x2001101c       0xfc c:/isis/application/toolchain/bin/../lib/gcc/arm-none-eabi/4.7.4/../../../../arm-none-eabi/lib\libc.a(lib_a-freer.o)
                0x2001101c                _malloc_trim_r
 .text._free_r  0x20011118      0x26c c:/isis/application/toolchain/bin/../lib/gcc/arm-none-eabi/4.7.4/../../../../arm-none-eabi/lib\libc.a(lib_a-freer.o)
                0x20011118                _free_r
 .text._fwalk   0x20011384       0x88 c:/isis/application/toolchain/bin/../lib/gcc/arm-none-eabi/4.7.4/../../../../arm-none-eabi/lib\libc.a(lib_a-fwalk.o)
                0x20011384                _fwalk
 .text._fwalk_reent
                0x2001140c       0x8c c:/isis/application/toolchain/bin/../lib/gcc/arm-none-eabi/4.7.4/../../../../arm-none-eabi/lib\libc.a(lib_a-fwalk.o)
                0x2001140c                _fwalk_reent
 .text.malloc   0x20011498       0x20 c:/isis/application/toolchain/bin/../lib/gcc/arm-none-eabi/4.7.4/../../../../arm-none-eabi/lib\libc.a(lib_a-malloc.o)
                0x20011498                malloc
 .text.free     0x200114b8       0x20 c:/isis/application/toolchain/bin/../lib/gcc/arm-none-eabi/4.7.4/../../../../arm-none-eabi/lib\libc.a(lib_a-malloc.o)
                0x200114b8                free
 .text._malloc_r
                0x200114d8      0x73c c:/isis/application/toolchain/bin/../lib/gcc/arm-none-eabi/4.7.4/../../../../arm-none-eabi/lib\libc.a(lib_a-mallocr.o)
                0x200114d8                _malloc_r
 .text.memcmp   0x20011c14       0xb4 c:/isis/application/toolchain/bin/../lib/gcc/arm-none-eabi/4.7.4/../../../../arm-none-eabi/lib\libc.a(lib_a-memcmp.o)
                0x20011c14                memcmp
 .text.memcpy   0x20011cc8       0xf4 c:/isis/application/toolchain/bin/../lib/gcc/arm-none-eabi/4.7.4/../../../../arm-none-eabi/lib\libc.a(lib_a-memcpy.o)
                0x20011cc8                memcpy
 .text.memset   0x20011dbc       0xf8 c:/isis/application/toolchain/bin/../lib/gcc/arm-none-eabi/4.7.4/../../../../arm-none-eabi/lib\libc.a(lib_a-memset.o)
                0x20011dbc                memset
 .text.printf   0x20011eb4       0x40 c:/isis/application/toolchain/bin/../lib/gcc/arm-none-eabi/4.7.4/../../../../arm-none-eabi/lib\libc.a(lib_a-printf.o)
                0x20011eb4                printf
 .text._puts_r  0x20011ef4       0xa4 c:/isis/application/toolchain/bin/../lib/gcc/arm-none-eabi/4.7.4/../../../../arm-none-eabi/lib\libc.a(lib_a-puts.o)
                0x20011ef4                _puts_r
 .text.puts     0x20011f98       0x14 c:/isis/application/toolchain/bin/../lib/gcc/arm-none-eabi/4.7.4/../../../../arm-none-eabi/lib\libc.a(lib_a-puts.o)
                0x20011f98                puts
 .text._sbrk_r  0x20011fac       0x40 c:/isis/application/toolchain/bin/../lib/gcc/arm-none-eabi/4.7.4/../../../../arm-none-eabi/lib\libc.a(lib_a-sbrkr.o)
                0x20011fac                _sbrk_r
 .text.snprintf
                0x20011fec       0x9c c:/isis/application/toolchain/bin/../lib/gcc/arm-none-eabi/4.7.4/../../../../arm-none-eabi/lib\libc.a(lib_a-snprintf.o)
                0x20011fec                snprintf
 .text.__sread  0x20012088       0x34 c:/isis/application/toolchain/bin/../lib/gcc/arm-none-eabi/4.7.4/../../../../arm-none-eabi/lib\libc.a(lib_a-stdio.o)
                0x20012088                __sread
 .text.__swrite
                0x200120bc       0x58 c:/isis/application/toolchain/bin/../lib/gcc/arm-none-eabi/4.7.4/../../../../arm-none-eabi/lib\libc.a(lib_a-stdio.o)
                0x200120bc                __swrite
 .text.__sseek  0x20012114       0x34 c:/isis/application/toolchain/bin/../lib/gcc/arm-none-eabi/4.7.4/../../../../arm-none-eabi/lib\libc.a(lib_a-stdio.o)
                0x20012114                __sseek
 .text.__sclose
                0x20012148       0x14 c:/isis/application/toolchain/bin/../lib/gcc/arm-none-eabi/4.7.4/../../../../arm-none-eabi/lib\libc.a(lib_a-stdio.o)
                0x20012148                __sclose
 .text.strlen   0x2001215c       0x60 c:/isis/application/toolchain/bin/../lib/gcc/arm-none-eabi/4.7.4/../../../../arm-none-eabi/lib\libc.a(lib_a-strlen.o)
                0x2001215c                strlen
 .text._strtol_r
                0x200121bc      0x1cc c:/isis/application/toolchain/bin/../lib/gcc/arm-none-eabi/4.7.4/../../../../arm-none-eabi/lib\libc.a(lib_a-strtol.o)
                0x200121bc                _strtol_r
 .text.strtol   0x20012388       0x2c c:/isis/application/toolchain/bin/../lib/gcc/arm-none-eabi/4.7.4/../../../../arm-none-eabi/lib\libc.a(lib_a-strtol.o)
                0x20012388                strtol
 .text._svfprintf_r
                0x200123b4     0x1f80 c:/isis/application/toolchain/bin/../lib/gcc/arm-none-eabi/4.7.4/../../../../arm-none-eabi/lib\libc.a(lib_a-svfprintf.o)
                0x200123b4                _svfprintf_r
 .text.write    0x20014334       0x30 c:/isis/application/toolchain/bin/../lib/gcc/arm-none-eabi/4.7.4/../../../../arm-none-eabi/lib\libc.a(lib_a-syswrite.o)
                0x20014334                write
 .text._vfprintf_r
                0x20014364     0x1fe8 c:/isis/application/toolchain/bin/../lib/gcc/arm-none-eabi/4.7.4/../../../../arm-none-eabi/lib\libc.a(lib_a-vfprintf.o)
                0x20014364                _vfprintf_r
 .text.__sbprintf
                0x2001634c       0xd0 c:/isis/application/toolchain/bin/../lib/gcc/arm-none-eabi/4.7.4/../../../../arm-none-eabi/lib\libc.a(lib_a-vfprintf.o)
 .text._write_r
                0x2001641c       0x44 c:/isis/application/toolchain/bin/../lib/gcc/arm-none-eabi/4.7.4/../../../../arm-none-eabi/lib\libc.a(lib_a-writer.o)
                0x2001641c                _write_r
 .text.__swsetup_r
                0x20016460      0x138 c:/isis/application/toolchain/bin/../lib/gcc/arm-none-eabi/4.7.4/../../../../arm-none-eabi/lib\libc.a(lib_a-wsetup.o)
                0x20016460                __swsetup_r
 .text._close_r
                0x20016598       0x3c c:/isis/application/toolchain/bin/../lib/gcc/arm-none-eabi/4.7.4/../../../../arm-none-eabi/lib\libc.a(lib_a-closer.o)
                0x20016598                _close_r
 .text.quorem   0x200165d4      0x1e0 c:/isis/application/toolchain/bin/../lib/gcc/arm-none-eabi/4.7.4/../../../../arm-none-eabi/lib\libc.a(lib_a-dtoa.o)
 *fill*         0x200167b4        0x4 00
 .text._dtoa_r  0x200167b8     0x1698 c:/isis/application/toolchain/bin/../lib/gcc/arm-none-eabi/4.7.4/../../../../arm-none-eabi/lib\libc.a(lib_a-dtoa.o)
                0x200167b8                _dtoa_r
 .text._fclose_r
                0x20017e50       0xf8 c:/isis/application/toolchain/bin/../lib/gcc/arm-none-eabi/4.7.4/../../../../arm-none-eabi/lib\libc.a(lib_a-fclose.o)
                0x20017e50                _fclose_r
 .text.fclose   0x20017f48       0x14 c:/isis/application/toolchain/bin/../lib/gcc/arm-none-eabi/4.7.4/../../../../arm-none-eabi/lib\libc.a(lib_a-fclose.o)
                0x20017f48                fclose
 .text.__sfvwrite_r
                0x20017f5c      0x4c4 c:/isis/application/toolchain/bin/../lib/gcc/arm-none-eabi/4.7.4/../../../../arm-none-eabi/lib\libc.a(lib_a-fvwrite.o)
                0x20017f5c                __sfvwrite_r
 .text.__locale_charset
                0x20018420        0xc c:/isis/application/toolchain/bin/../lib/gcc/arm-none-eabi/4.7.4/../../../../arm-none-eabi/lib\libc.a(lib_a-locale.o)
                0x20018420                __locale_charset
 .text.__locale_mb_cur_max
                0x2001842c       0x10 c:/isis/application/toolchain/bin/../lib/gcc/arm-none-eabi/4.7.4/../../../../arm-none-eabi/lib\libc.a(lib_a-locale.o)
                0x2001842c                __locale_mb_cur_max
 .text._localeconv_r
                0x2001843c        0xc c:/isis/application/toolchain/bin/../lib/gcc/arm-none-eabi/4.7.4/../../../../arm-none-eabi/lib\libc.a(lib_a-locale.o)
                0x2001843c                _localeconv_r
 .text._lseek_r
                0x20018448       0x44 c:/isis/application/toolchain/bin/../lib/gcc/arm-none-eabi/4.7.4/../../../../arm-none-eabi/lib\libc.a(lib_a-lseekr.o)
                0x20018448                _lseek_r
 .text.__smakebuf_r
                0x2001848c      0x15c c:/isis/application/toolchain/bin/../lib/gcc/arm-none-eabi/4.7.4/../../../../arm-none-eabi/lib\libc.a(lib_a-makebuf.o)
                0x2001848c                __smakebuf_r
 .text.memchr   0x200185e8      0x11c c:/isis/application/toolchain/bin/../lib/gcc/arm-none-eabi/4.7.4/../../../../arm-none-eabi/lib\libc.a(lib_a-memchr.o)
                0x200185e8                memchr
 .text.memmove  0x20018704      0x134 c:/isis/application/toolchain/bin/../lib/gcc/arm-none-eabi/4.7.4/../../../../arm-none-eabi/lib\libc.a(lib_a-memmove.o)
                0x20018704                memmove
 .text._Balloc  0x20018838       0x8c c:/isis/application/toolchain/bin/../lib/gcc/arm-none-eabi/4.7.4/../../../../arm-none-eabi/lib\libc.a(lib_a-mprec.o)
                0x20018838                _Balloc
 .text._Bfree   0x200188c4       0x1c c:/isis/application/toolchain/bin/../lib/gcc/arm-none-eabi/4.7.4/../../../../arm-none-eabi/lib\libc.a(lib_a-mprec.o)
                0x200188c4                _Bfree
 .text.__multadd
                0x200188e0       0xdc c:/isis/application/toolchain/bin/../lib/gcc/arm-none-eabi/4.7.4/../../../../arm-none-eabi/lib\libc.a(lib_a-mprec.o)
                0x200188e0                __multadd
 .text.__hi0bits
                0x200189bc       0x50 c:/isis/application/toolchain/bin/../lib/gcc/arm-none-eabi/4.7.4/../../../../arm-none-eabi/lib\libc.a(lib_a-mprec.o)
                0x200189bc                __hi0bits
 .text.__lo0bits
                0x20018a0c       0x94 c:/isis/application/toolchain/bin/../lib/gcc/arm-none-eabi/4.7.4/../../../../arm-none-eabi/lib\libc.a(lib_a-mprec.o)
                0x20018a0c                __lo0bits
 .text.__i2b    0x20018aa0       0x24 c:/isis/application/toolchain/bin/../lib/gcc/arm-none-eabi/4.7.4/../../../../arm-none-eabi/lib\libc.a(lib_a-mprec.o)
                0x20018aa0                __i2b
 .text.__multiply
                0x20018ac4      0x1e4 c:/isis/application/toolchain/bin/../lib/gcc/arm-none-eabi/4.7.4/../../../../arm-none-eabi/lib\libc.a(lib_a-mprec.o)
                0x20018ac4                __multiply
 .text.__pow5mult
                0x20018ca8       0xf4 c:/isis/application/toolchain/bin/../lib/gcc/arm-none-eabi/4.7.4/../../../../arm-none-eabi/lib\libc.a(lib_a-mprec.o)
                0x20018ca8                __pow5mult
 .text.__lshift
                0x20018d9c      0x104 c:/isis/application/toolchain/bin/../lib/gcc/arm-none-eabi/4.7.4/../../../../arm-none-eabi/lib\libc.a(lib_a-mprec.o)
                0x20018d9c                __lshift
 .text.__mcmp   0x20018ea0       0x64 c:/isis/application/toolchain/bin/../lib/gcc/arm-none-eabi/4.7.4/../../../../arm-none-eabi/lib\libc.a(lib_a-mprec.o)
                0x20018ea0                __mcmp
 .text.__mdiff  0x20018f04      0x14c c:/isis/application/toolchain/bin/../lib/gcc/arm-none-eabi/4.7.4/../../../../arm-none-eabi/lib\libc.a(lib_a-mprec.o)
                0x20018f04                __mdiff
 .text.__d2b    0x20019050      0x108 c:/isis/application/toolchain/bin/../lib/gcc/arm-none-eabi/4.7.4/../../../../arm-none-eabi/lib\libc.a(lib_a-mprec.o)
                0x20019050                __d2b
 .text._read_r  0x20019158       0x44 c:/isis/application/toolchain/bin/../lib/gcc/arm-none-eabi/4.7.4/../../../../arm-none-eabi/lib\libc.a(lib_a-readr.o)
                0x20019158                _read_r
 .text._realloc_r
                0x2001919c      0x574 c:/isis/application/toolchain/bin/../lib/gcc/arm-none-eabi/4.7.4/../../../../arm-none-eabi/lib\libc.a(lib_a-reallocr.o)
                0x2001919c                _realloc_r
 .text.__ssprint_r
                0x20019710      0x1a4 c:/isis/application/toolchain/bin/../lib/gcc/arm-none-eabi/4.7.4/../../../../arm-none-eabi/lib\libc.a(lib_a-svfiprintf.o)
                0x20019710                __ssprint_r
 .text.__sprint_r
                0x200198b4       0xc0 c:/isis/application/toolchain/bin/../lib/gcc/arm-none-eabi/4.7.4/../../../../arm-none-eabi/lib\libc.a(lib_a-vfiprintf.o)
                0x200198b4                __sprint_r
 .text._calloc_r
                0x20019974       0x94 c:/isis/application/toolchain/bin/../lib/gcc/arm-none-eabi/4.7.4/../../../../arm-none-eabi/lib\libc.a(lib_a-callocr.o)
                0x20019974                _calloc_r
 .text._fputwc_r
                0x20019a08      0x150 c:/isis/application/toolchain/bin/../lib/gcc/arm-none-eabi/4.7.4/../../../../arm-none-eabi/lib\libc.a(lib_a-fputwc.o)
                0x20019a08                _fputwc_r
 .text._fstat_r
                0x20019b58       0x40 c:/isis/application/toolchain/bin/../lib/gcc/arm-none-eabi/4.7.4/../../../../arm-none-eabi/lib\libc.a(lib_a-fstatr.o)
                0x20019b58                _fstat_r
 .text._isatty_r
                0x20019b98       0x3c c:/isis/application/toolchain/bin/../lib/gcc/arm-none-eabi/4.7.4/../../../../arm-none-eabi/lib\libc.a(lib_a-isattyr.o)
                0x20019b98                _isatty_r
 .text.__swbuf_r
                0x20019bd4      0x130 c:/isis/application/toolchain/bin/../lib/gcc/arm-none-eabi/4.7.4/../../../../arm-none-eabi/lib\libc.a(lib_a-wbuf.o)
                0x20019bd4                __swbuf_r
 .text._wcrtomb_r
                0x20019d04       0x90 c:/isis/application/toolchain/bin/../lib/gcc/arm-none-eabi/4.7.4/../../../../arm-none-eabi/lib\libc.a(lib_a-wcrtomb.o)
                0x20019d04                _wcrtomb_r
 .text.__ascii_wctomb
                0x20019d94       0x2c c:/isis/application/toolchain/bin/../lib/gcc/arm-none-eabi/4.7.4/../../../../arm-none-eabi/lib\libc.a(lib_a-wctomb_r.o)
                0x20019d94                __ascii_wctomb
 .text.__ascii_wctomb.stub
                0x20019dc0       0x10 linker stubs
 *(.rodata)
 .rodata        0x20019dd0        0x9 ./src/Demos/IsisAntSdemo.o
 .rodata        0x20019dd9       0x12 ./src/Demos/IsisHSTxSdemo.o
 .rodata        0x20019deb      0x1e3 ./src/Demos/IsisMTQv2demo.o
 .rodata        0x20019fce       0x11 ./src/Demos/IsisSPv2demo.o
 .rodata        0x20019fdf       0x1c ./src/Demos/IsisTRXVUdemo.o
 .rodata        0x20019ffb       0x2b ./src/Demos/common.o
 *fill*         0x2001a026        0x2 00
 .rodata        0x2001a028      0x110 ./src/Demos/isis_eps_demo.o
 .rodata        0x2001a138        0xc ./src/Demos/trxvu_frame_ready.o
 .rodata        0x2001a144       0x2c ./src/main.o
 .rodata        0x2001a170        0x2 C:/ISIS/workspace-herzliya/GlobusSatProject2/satellite-subsystems/demo/..//satellite-subsystems/lib\libSatelliteSubsystems.a(IsisMTQv2.o)
 *fill*         0x2001a172        0x2 00
 .rodata        0x2001a174       0x50 C:/ISIS/workspace-herzliya/GlobusSatProject2/satellite-subsystems/demo/..//satellite-subsystems/lib\libSatelliteSubsystems.a(IsisSolarPanelv2.o)
 .rodata        0x2001a1c4       0x1c C:/ISIS/workspace-herzliya/GlobusSatProject2/satellite-subsystems/demo/..//satellite-subsystems/lib\libSatelliteSubsystems.a(version.o)
                0x2001a1c4                SatelliteSubsystemsVersionRevision
                0x2001a1c7                SatelliteSubsystemsVersionMinor
                0x2001a1c9                SatelliteSubsystemsVersionMajor
                0x2001a1cb                SatelliteSubsystemsCompileTime
                0x2001a1d4                SatelliteSubsystemsCompileDate
 .rodata        0x2001a1e0      0x2a4 C:/ISIS/workspace-herzliya/GlobusSatProject2/satellite-subsystems/demo/../..//hal/hal/lib\libHAL.a(supervisor.o)
 .rodata        0x2001a484      0x178 C:/ISIS/workspace-herzliya/GlobusSatProject2/satellite-subsystems/demo/../..//hal/hal/lib\libHAL.a(SPI.o)
 .rodata        0x2001a5fc       0x30 C:/ISIS/workspace-herzliya/GlobusSatProject2/satellite-subsystems/demo/../..//hal/hal/lib\libHAL.a(LED.o)
 .rodata        0x2001a62c       0x24 C:/ISIS/workspace-herzliya/GlobusSatProject2/satellite-subsystems/demo/../..//hal/hal/lib\libHAL.a(I2C.o)
 .rodata        0x2001a650        0xc C:/ISIS/workspace-herzliya/GlobusSatProject2/satellite-subsystems/demo/../..//hal/hal/lib\libHAL.a(WatchDogTimerNoOS.o)
 .rodata        0x2001a65c       0x20 C:/ISIS/workspace-herzliya/GlobusSatProject2/satellite-subsystems/demo/../..//hal/hal/lib\libHAL.a(version.o)
                0x2001a65c                HalOBCHardwareRevision
                0x2001a661                HalVersionRevision
                0x2001a663                HalVersionMinor
                0x2001a665                HalVersionMajor
                0x2001a667                HalCompileTime
                0x2001a670                HalCompileDate
 .rodata        0x2001a67c       0x27 C:/ISIS/workspace-herzliya/GlobusSatProject2/satellite-subsystems/demo/../..//hal/at91/lib\libAt91.a(twi_at91.o)
 .rodata        0x2001a6a3       0x24 C:/ISIS/workspace-herzliya/GlobusSatProject2/satellite-subsystems/demo/../..//hal/at91/lib\libAt91.a(board_lowlevel.o)
 *(.rodata*)
 .rodata.str1.1
                0x2001a6c7      0x75a ./src/Demos/IsisAntSdemo.o
                                0x772 (size before relaxing)
 .rodata.str1.1
                0x2001ae21      0xbb2 ./src/Demos/IsisHSTxSdemo.o
                                0xbcf (size before relaxing)
 .rodata.str1.1
                0x2001b9d3     0x3612 ./src/Demos/IsisMTQv2demo.o
                               0x37c7 (size before relaxing)
 .rodata.str1.1
                0x2001efe5      0x1b1 ./src/Demos/IsisSPv2demo.o
                                0x1d1 (size before relaxing)
 .rodata.str1.1
                0x2001f196      0x649 ./src/Demos/IsisTRXVUdemo.o
                                0x6a4 (size before relaxing)
 .rodata.str1.1
                0x2001f7df      0x516 ./src/Demos/common.o
                                0x538 (size before relaxing)
 .rodata.str1.1
                0x2001fcf5       0x3b ./src/Demos/input.o
                                 0x3e (size before relaxing)
 .rodata.str1.1
                0x2001fd30     0x17dc ./src/Demos/isis_eps_demo.o
                               0x17ff (size before relaxing)
 .rodata.str1.1
                0x2002150c      0x40c ./src/Demos/tausat2_pdhudemo.o
                                0x42b (size before relaxing)
 .rodata.str1.1
                0x20021918      0x28d ./src/main.o
 .rodata.str1.1
                0x20021ba5      0x254 C:/ISIS/workspace-herzliya/GlobusSatProject2/satellite-subsystems/demo/..//satellite-subsystems/lib\libSatelliteSubsystems.a(IsisMTQv2.o)
 *fill*         0x20021df9        0x3 00
 .rodata.str1.4
                0x20021dfc        0x4 c:/isis/application/toolchain/bin/../lib/gcc/arm-none-eabi/4.7.4/../../../../arm-none-eabi/lib\libm.a(lib_a-w_exp.o)
 .rodata.halF   0x20021e00       0x10 c:/isis/application/toolchain/bin/../lib/gcc/arm-none-eabi/4.7.4/../../../../arm-none-eabi/lib\libm.a(lib_a-e_exp.o)
 .rodata.ln2LO  0x20021e10       0x10 c:/isis/application/toolchain/bin/../lib/gcc/arm-none-eabi/4.7.4/../../../../arm-none-eabi/lib\libm.a(lib_a-e_exp.o)
 .rodata.ln2HI  0x20021e20       0x10 c:/isis/application/toolchain/bin/../lib/gcc/arm-none-eabi/4.7.4/../../../../arm-none-eabi/lib\libm.a(lib_a-e_exp.o)
 .rodata.str1.1